Archive member included to satisfy reference by file (symbol)

/usr/lib/gcc/arm-none-eabi/14.2.0/thumb/v6-m/nofp/libgcc.a(_dvmd_tls.o)
                              CMakeFiles/RP2040-CAN-Driver.dir/usr/share/pico-sdk/src/rp2_common/pico_divider/divider_hardware.S.o (__aeabi_idiv0)
/usr/lib/gcc/arm-none-eabi/14.2.0/../../../../arm-none-eabi/lib/thumb/v6-m/nofp/libg.a(libc_a-atexit.o)
                              /usr/lib/gcc/arm-none-eabi/14.2.0/../../../../arm-none-eabi/lib/thumb/v6-m/nofp/crt0.o (atexit)
/usr/lib/gcc/arm-none-eabi/14.2.0/../../../../arm-none-eabi/lib/thumb/v6-m/nofp/libg.a(libc_a-calloc.o)
                              CMakeFiles/RP2040-CAN-Driver.dir/usr/share/pico-sdk/src/rp2_common/pico_malloc/malloc.c.o (calloc)
/usr/lib/gcc/arm-none-eabi/14.2.0/../../../../arm-none-eabi/lib/thumb/v6-m/nofp/libg.a(libc_a-callocr.o)
                              /usr/lib/gcc/arm-none-eabi/14.2.0/../../../../arm-none-eabi/lib/thumb/v6-m/nofp/libg.a(libc_a-calloc.o) (_calloc_r)
/usr/lib/gcc/arm-none-eabi/14.2.0/../../../../arm-none-eabi/lib/thumb/v6-m/nofp/libg.a(libc_a-malloc.o)
                              CMakeFiles/RP2040-CAN-Driver.dir/usr/share/pico-sdk/src/rp2_common/pico_malloc/malloc.c.o (malloc)
/usr/lib/gcc/arm-none-eabi/14.2.0/../../../../arm-none-eabi/lib/thumb/v6-m/nofp/libg.a(libc_a-mallocr.o)
                              /usr/lib/gcc/arm-none-eabi/14.2.0/../../../../arm-none-eabi/lib/thumb/v6-m/nofp/libg.a(libc_a-callocr.o) (_malloc_r)
/usr/lib/gcc/arm-none-eabi/14.2.0/../../../../arm-none-eabi/lib/thumb/v6-m/nofp/libg.a(libc_a-mlock.o)
                              /usr/lib/gcc/arm-none-eabi/14.2.0/../../../../arm-none-eabi/lib/thumb/v6-m/nofp/libg.a(libc_a-mallocr.o) (__malloc_lock)
/usr/lib/gcc/arm-none-eabi/14.2.0/../../../../arm-none-eabi/lib/thumb/v6-m/nofp/libg.a(libc_a-realloc.o)
                              CMakeFiles/RP2040-CAN-Driver.dir/usr/share/pico-sdk/src/rp2_common/pico_malloc/malloc.c.o (realloc)
/usr/lib/gcc/arm-none-eabi/14.2.0/../../../../arm-none-eabi/lib/thumb/v6-m/nofp/libg.a(libc_a-reallocr.o)
                              /usr/lib/gcc/arm-none-eabi/14.2.0/../../../../arm-none-eabi/lib/thumb/v6-m/nofp/libg.a(libc_a-realloc.o) (_realloc_r)
/usr/lib/gcc/arm-none-eabi/14.2.0/../../../../arm-none-eabi/lib/thumb/v6-m/nofp/libg.a(libc_a-memcmp.o)
                              CMakeFiles/RP2040-CAN-Driver.dir/usr/share/pico-sdk/src/rp2_common/pico_atomic/atomic.c.o (memcmp)
/usr/lib/gcc/arm-none-eabi/14.2.0/../../../../arm-none-eabi/lib/thumb/v6-m/nofp/libg.a(libc_a-memmove.o)
                              /usr/lib/gcc/arm-none-eabi/14.2.0/../../../../arm-none-eabi/lib/thumb/v6-m/nofp/libg.a(libc_a-reallocr.o) (memmove)
/usr/lib/gcc/arm-none-eabi/14.2.0/../../../../arm-none-eabi/lib/thumb/v6-m/nofp/libg.a(libc_a-lcltime_r.o)
                              CMakeFiles/RP2040-CAN-Driver.dir/usr/share/pico-sdk/src/common/pico_util/datetime.c.o (localtime_r)
/usr/lib/gcc/arm-none-eabi/14.2.0/../../../../arm-none-eabi/lib/thumb/v6-m/nofp/libg.a(libc_a-mktime.o)
                              CMakeFiles/RP2040-CAN-Driver.dir/usr/share/pico-sdk/src/common/pico_util/datetime.c.o (mktime)
/usr/lib/gcc/arm-none-eabi/14.2.0/../../../../arm-none-eabi/lib/thumb/v6-m/nofp/libg.a(libc_a-month_lengths.o)
                              /usr/lib/gcc/arm-none-eabi/14.2.0/../../../../arm-none-eabi/lib/thumb/v6-m/nofp/libg.a(libc_a-lcltime_r.o) (__month_lengths)
/usr/lib/gcc/arm-none-eabi/14.2.0/../../../../arm-none-eabi/lib/thumb/v6-m/nofp/libg.a(libc_a-tzcalc_limits.o)
                              /usr/lib/gcc/arm-none-eabi/14.2.0/../../../../arm-none-eabi/lib/thumb/v6-m/nofp/libg.a(libc_a-lcltime_r.o) (__tzcalc_limits)
/usr/lib/gcc/arm-none-eabi/14.2.0/../../../../arm-none-eabi/lib/thumb/v6-m/nofp/libg.a(libc_a-tzlock.o)
                              /usr/lib/gcc/arm-none-eabi/14.2.0/../../../../arm-none-eabi/lib/thumb/v6-m/nofp/libg.a(libc_a-lcltime_r.o) (__tz_lock)
/usr/lib/gcc/arm-none-eabi/14.2.0/../../../../arm-none-eabi/lib/thumb/v6-m/nofp/libg.a(libc_a-tzset.o)
                              /usr/lib/gcc/arm-none-eabi/14.2.0/../../../../arm-none-eabi/lib/thumb/v6-m/nofp/libg.a(libc_a-lcltime_r.o) (_tzset_unlocked)
/usr/lib/gcc/arm-none-eabi/14.2.0/../../../../arm-none-eabi/lib/thumb/v6-m/nofp/libg.a(libc_a-tzset_r.o)
                              /usr/lib/gcc/arm-none-eabi/14.2.0/../../../../arm-none-eabi/lib/thumb/v6-m/nofp/libg.a(libc_a-tzset.o) (_tzset_unlocked_r)
/usr/lib/gcc/arm-none-eabi/14.2.0/../../../../arm-none-eabi/lib/thumb/v6-m/nofp/libg.a(libc_a-tzvars.o)
                              /usr/lib/gcc/arm-none-eabi/14.2.0/../../../../arm-none-eabi/lib/thumb/v6-m/nofp/libg.a(libc_a-tzset_r.o) (_timezone)
/usr/lib/gcc/arm-none-eabi/14.2.0/../../../../arm-none-eabi/lib/thumb/v6-m/nofp/libg.a(libc_a-impure.o)
                              /usr/lib/gcc/arm-none-eabi/14.2.0/../../../../arm-none-eabi/lib/thumb/v6-m/nofp/libg.a(libc_a-calloc.o) (_impure_ptr)
[...]
Memory Configuration

Name             Origin             Length             Attributes
FLASH            0x10000000         0x00200000         xr
RAM              0x20000000         0x00040000         xrw
SCRATCH_X        0x20040000         0x00001000         xrw
SCRATCH_Y        0x20041000         0x00001000         xrw
*default*        0x00000000         0xffffffff

Linker script and memory map

LOAD /usr/lib/gcc/arm-none-eabi/14.2.0/thumb/v6-m/nofp/crti.o
LOAD /usr/lib/gcc/arm-none-eabi/14.2.0/thumb/v6-m/nofp/crtbegin.o
LOAD /usr/lib/gcc/arm-none-eabi/14.2.0/../../../../arm-none-eabi/lib/thumb/v6-m/nofp/crt0.o

.flash_begin    0x10000000        0x0
                0x10000000                        __flash_binary_start = .

.boot2          0x10000000      0x100
                0x10000000                        __boot2_start__ = .
 *(.boot2)
 .boot2         0x10000000      0x100 ../pico-sdk/src/rp2040/boot_stage2/CMakeFiles/bs2_default_library.dir/bs2_default_padded_checksummed.S.o
                0x10000100                        __boot2_end__ = .
                0x00000001                        ASSERT (((__boot2_end__ - __boot2_start__) == 0x100), ERROR: Pico second stage bootloader must be 256 bytes in size)

.text           0x10000100     0x75e8
                0x10000100                        __logical_binary_start = .
 *(.vectors)
 .vectors       0x10000100       0xd4 CMakeFiles/RP2040-CAN-Driver.dir/usr/share/pico-sdk/src/rp2_common/pico_crt0/crt0.S.o
                0x10000100                __vectors
                0x10000100                __VECTOR_TABLE
                0x100001c0                isr_invalid
                0x100001c0                __default_isrs_start
                0x100001c2                isr_nmi
                0x100001c4                isr_hardfault
                0x100001c6                isr_svcall
                0x100001c8                isr_pendsv
                0x100001ca                isr_systick
                0x100001cc                isr_irq30
                0x100001cc                __unhandled_user_irq
                0x100001cc                isr_irq13
                0x100001cc                isr_irq27
                0x100001cc                isr_irq31
                0x100001cc                isr_irq5
                0x100001cc                isr_irq11
                0x100001cc                isr_irq23
                0x100001cc                isr_irq18
                0x100001cc                isr_irq28
                0x100001cc                isr_irq19
                0x100001cc                isr_irq0
                0x100001cc                isr_irq6
                0x100001cc                isr_irq22
                0x100001cc                isr_irq17
                0x100001cc                isr_irq14
                0x100001cc                isr_irq2
                0x100001cc                isr_irq10
                0x100001cc                isr_irq8
                0x100001cc                isr_irq24
                0x100001cc                isr_irq1
                0x100001cc                isr_irq7
                0x100001cc                isr_irq21
                0x100001cc                isr_irq20
                0x100001cc                isr_irq15
                0x100001cc                isr_irq25
                0x100001cc                isr_irq4
                0x100001cc                isr_irq16
                0x100001cc                isr_irq29
                0x100001cc                isr_irq26
                0x100001cc                __default_isrs_end
                0x100001cc                isr_irq3
                0x100001cc                isr_irq12
                0x100001cc                isr_irq9
                0x100001d2                unhandled_user_irq_num_in_r0
 *(.binary_info_header)
 .binary_info_header
                0x100001d4       0x14 CMakeFiles/RP2040-CAN-Driver.dir/usr/share/pico-sdk/src/rp2_common/pico_crt0/crt0.S.o
                0x100001e8                        __binary_info_header_end = .
 *(.embedded_block)
                0x100001e8                        __embedded_block_end = .
 *(.reset)
 .reset         0x100001e8       0x9c CMakeFiles/RP2040-CAN-Driver.dir/usr/share/pico-sdk/src/rp2_common/pico_crt0/crt0.S.o
                0x100001e8                _entry_point
 *(.init)
 .init          0x10000284        0x4 /usr/lib/gcc/arm-none-eabi/14.2.0/thumb/v6-m/nofp/crti.o
                0x10000284                _init
 *(EXCLUDE_FILE(*libm.a: *libc.a:*lib_a-mem*.o *libgcc.a:) .text*)
 .text.frame_dummy
                0x10000288       0x20 /usr/lib/gcc/arm-none-eabi/14.2.0/thumb/v6-m/nofp/crtbegin.o
 .text.mcp2515_setOpmode
                0x100002a8       0xcc CMakeFiles/RP2040-CAN-Driver.dir/main.c.o
                0x100002a8                mcp2515_setOpmode
 .text.mcp2515_init
                0x10000374      0x2c0 CMakeFiles/RP2040-CAN-Driver.dir/main.c.o
                0x10000374                mcp2515_init
 .text.startup.main
                0x10000634      0x148 CMakeFiles/RP2040-CAN-Driver.dir/main.c.o
                0x10000634                main
 .text.gpio_set_function
                0x1000077c       0x34 CMakeFiles/RP2040-CAN-Driver.dir/usr/share/pico-sdk/src/rp2_common/hardware_gpio/gpio.c.o
                0x1000077c                gpio_set_function
 .text.gpio_init
                0x100007b0       0x40 CMakeFiles/RP2040-CAN-Driver.dir/usr/share/pico-sdk/src/rp2_common/hardware_gpio/gpio.c.o
                0x100007b0                gpio_init
 .text.rp2040_chip_version
                0x100007f0        0xc CMakeFiles/RP2040-CAN-Driver.dir/usr/share/pico-sdk/src/rp2040/pico_platform/platform.c.o
                0x100007f0                rp2040_chip_version
 .text.panic    0x100007fc       0x30 CMakeFiles/RP2040-CAN-Driver.dir/usr/share/pico-sdk/src/rp2_common/pico_platform_panic/panic.c.o
                0x100007fc                panic
 .text.hw_claim_or_assert
                0x1000082c       0x44 CMakeFiles/RP2040-CAN-Driver.dir/usr/share/pico-sdk/src/common/hardware_claim/claim.c.o
                0x1000082c                hw_claim_or_assert
 .text.hw_claim_unused_from_range
                0x10000870       0x88 CMakeFiles/RP2040-CAN-Driver.dir/usr/share/pico-sdk/src/common/hardware_claim/claim.c.o
                0x10000870                hw_claim_unused_from_range
 .text.next_striped_spin_lock_num
                0x100008f8       0x18 CMakeFiles/RP2040-CAN-Driver.dir/usr/share/pico-sdk/src/rp2_common/hardware_sync/sync.c.o
                0x100008f8                next_striped_spin_lock_num
 .text.spin_lock_claim_unused
                0x10000910       0x24 CMakeFiles/RP2040-CAN-Driver.dir/usr/share/pico-sdk/src/rp2_common/hardware_sync/sync.c.o
                0x10000910                spin_lock_claim_unused
 .text.spin_locks_reset
                0x10000934       0x1c CMakeFiles/RP2040-CAN-Driver.dir/usr/share/pico-sdk/src/rp2_common/hardware_sync_spin_lock/sync_spin_lock.c.o
                0x10000934                spin_locks_reset
 .text.runtime_init_per_core_irq_priorities
                0x10000950       0x24 CMakeFiles/RP2040-CAN-Driver.dir/usr/share/pico-sdk/src/rp2_common/hardware_irq/irq.c.o
                0x10000950                runtime_init_per_core_irq_priorities
 .text.irq_set_enabled
                0x10000974       0x24 CMakeFiles/RP2040-CAN-Driver.dir/usr/share/pico-sdk/src/rp2_common/hardware_irq/irq.c.o
                0x10000974                irq_set_enabled
 .text.irq_is_enabled
                0x10000998       0x18 CMakeFiles/RP2040-CAN-Driver.dir/usr/share/pico-sdk/src/rp2_common/hardware_irq/irq.c.o
                0x10000998                irq_is_enabled
 .text.irq_set_pending
                0x100009b0       0x10 CMakeFiles/RP2040-CAN-Driver.dir/usr/share/pico-sdk/src/rp2_common/hardware_irq/irq.c.o
                0x100009b0                irq_set_pending
 .text.irq_has_shared_handler
                0x100009c0       0x2c CMakeFiles/RP2040-CAN-Driver.dir/usr/share/pico-sdk/src/rp2_common/hardware_irq/irq.c.o
                0x100009c0                irq_has_shared_handler
 .text.irq_set_exclusive_handler
                0x100009ec       0x54 CMakeFiles/RP2040-CAN-Driver.dir/usr/share/pico-sdk/src/rp2_common/hardware_irq/irq.c.o
                0x100009ec                irq_set_exclusive_handler
 .text.irq_add_shared_handler
                0x10000a40      0x1f4 CMakeFiles/RP2040-CAN-Driver.dir/usr/share/pico-sdk/src/rp2_common/hardware_irq/irq.c.o
                0x10000a40                irq_add_shared_handler
 .text.irq_remove_handler
                0x10000c34      0x1d4 CMakeFiles/RP2040-CAN-Driver.dir/usr/share/pico-sdk/src/rp2_common/hardware_irq/irq.c.o
                0x10000c34                irq_remove_handler
 .text.irq_add_tail_to_free_list
                0x10000e08       0xb4 CMakeFiles/RP2040-CAN-Driver.dir/usr/share/pico-sdk/src/rp2_common/hardware_irq/irq.c.o
                0x10000e08                irq_add_tail_to_free_list
 .text.user_irq_claim_unused
                0x10000ebc       0x2c CMakeFiles/RP2040-CAN-Driver.dir/usr/share/pico-sdk/src/rp2_common/hardware_irq/irq.c.o
                0x10000ebc                user_irq_claim_unused
 .text.lock_init
                0x10000ee8       0x10 CMakeFiles/RP2040-CAN-Driver.dir/usr/share/pico-sdk/src/common/pico_sync/lock_core.c.o
                0x10000ee8                lock_init
 .text.runtime_init_mutex
                0x10000ef8       0x50 CMakeFiles/RP2040-CAN-Driver.dir/usr/share/pico-sdk/src/common/pico_sync/mutex.c.o
                0x10000ef8                runtime_init_mutex
 .text.mutex_init
                0x10000f48       0x1c CMakeFiles/RP2040-CAN-Driver.dir/usr/share/pico-sdk/src/common/pico_sync/mutex.c.o
                0x10000f48                mutex_init
 .text.critical_section_init
                0x10000f64       0x1c CMakeFiles/RP2040-CAN-Driver.dir/usr/share/pico-sdk/src/common/pico_sync/critical_section.c.o
                0x10000f64                critical_section_init
 .text.critical_section_init_with_lock_num
                0x10000f80       0x14 CMakeFiles/RP2040-CAN-Driver.dir/usr/share/pico-sdk/src/common/pico_sync/critical_section.c.o
                0x10000f80                critical_section_init_with_lock_num
 .text.sleep_until_callback
                0x10000f94       0x30 CMakeFiles/RP2040-CAN-Driver.dir/usr/share/pico-sdk/src/common/pico_time/time.c.o
 .text.alarm_pool_irq_handler
                0x10000fc4      0x2fc CMakeFiles/RP2040-CAN-Driver.dir/usr/share/pico-sdk/src/common/pico_time/time.c.o
 .text.runtime_init_default_alarm_pool
                0x100012c0       0xdc CMakeFiles/RP2040-CAN-Driver.dir/usr/share/pico-sdk/src/common/pico_time/time.c.o
                0x100012c0                runtime_init_default_alarm_pool
 .text.alarm_pool_get_default
                0x1000139c        0x8 CMakeFiles/RP2040-CAN-Driver.dir/usr/share/pico-sdk/src/common/pico_time/time.c.o
                0x1000139c                alarm_pool_get_default
 .text.alarm_pool_add_alarm_at
                0x100013a4       0xd0 CMakeFiles/RP2040-CAN-Driver.dir/usr/share/pico-sdk/src/common/pico_time/time.c.o
                0x100013a4                alarm_pool_add_alarm_at
 .text.alarm_pool_add_alarm_at_force_in_context
                0x10001474       0xb0 CMakeFiles/RP2040-CAN-Driver.dir/usr/share/pico-sdk/src/common/pico_time/time.c.o
                0x10001474                alarm_pool_add_alarm_at_force_in_context
 .text.alarm_pool_cancel_alarm
                0x10001524       0x74 CMakeFiles/RP2040-CAN-Driver.dir/usr/share/pico-sdk/src/common/pico_time/time.c.o
                0x10001524                alarm_pool_cancel_alarm
 .text.alarm_pool_core_num
                0x10001598        0x4 CMakeFiles/RP2040-CAN-Driver.dir/usr/share/pico-sdk/src/common/pico_time/time.c.o
                0x10001598                alarm_pool_core_num
 .text.sleep_ms
                0x1000159c       0xfc CMakeFiles/RP2040-CAN-Driver.dir/usr/share/pico-sdk/src/common/pico_time/time.c.o
                0x1000159c                sleep_ms
 .text.best_effort_wfe_or_timeout
                0x10001698       0xec CMakeFiles/RP2040-CAN-Driver.dir/usr/share/pico-sdk/src/common/pico_time/time.c.o
                0x10001698                best_effort_wfe_or_timeout
 .text.timer_hardware_alarm_claim
                0x10001784       0x14 CMakeFiles/RP2040-CAN-Driver.dir/usr/share/pico-sdk/src/rp2_common/hardware_timer/timer.c.o
                0x10001784                timer_hardware_alarm_claim
 .text.timer_time_us_64
                0x10001798       0x10 CMakeFiles/RP2040-CAN-Driver.dir/usr/share/pico-sdk/src/rp2_common/hardware_timer/timer.c.o
                0x10001798                timer_time_us_64
 .text.time_us_64
                0x100017a8       0x14 CMakeFiles/RP2040-CAN-Driver.dir/usr/share/pico-sdk/src/rp2_common/hardware_timer/timer.c.o
                0x100017a8                time_us_64
 .text.busy_wait_us
                0x100017bc       0x68 CMakeFiles/RP2040-CAN-Driver.dir/usr/share/pico-sdk/src/rp2_common/hardware_timer/timer.c.o
                0x100017bc                busy_wait_us
 .text.busy_wait_until
                0x10001824       0x20 CMakeFiles/RP2040-CAN-Driver.dir/usr/share/pico-sdk/src/rp2_common/hardware_timer/timer.c.o
                0x10001824                busy_wait_until
 .text.uart_init
                0x10001844      0x120 CMakeFiles/RP2040-CAN-Driver.dir/usr/share/pico-sdk/src/rp2_common/hardware_uart/uart.c.o
                0x10001844                uart_init
 .text.clock_configure_int_divider
                0x10001964       0xf4 CMakeFiles/RP2040-CAN-Driver.dir/usr/share/pico-sdk/src/rp2_common/hardware_clocks/clocks.c.o
                0x10001964                clock_configure_int_divider
 .text.clock_configure_undivided
                0x10001a58       0xe8 CMakeFiles/RP2040-CAN-Driver.dir/usr/share/pico-sdk/src/rp2_common/hardware_clocks/clocks.c.o
                0x10001a58                clock_configure_undivided
 .text.clock_get_hz
                0x10001b40        0xc CMakeFiles/RP2040-CAN-Driver.dir/usr/share/pico-sdk/src/rp2_common/hardware_clocks/clocks.c.o
                0x10001b40                clock_get_hz
 .text.pll_init
                0x10001b4c       0xa4 CMakeFiles/RP2040-CAN-Driver.dir/usr/share/pico-sdk/src/rp2_common/hardware_pll/pll.c.o
                0x10001b4c                pll_init
 .text.watchdog_reboot
                0x10001bf0       0x9c CMakeFiles/RP2040-CAN-Driver.dir/usr/share/pico-sdk/src/rp2_common/hardware_watchdog/watchdog.c.o
                0x10001bf0                watchdog_reboot
 .text.tick_start
                0x10001c8c       0x10 CMakeFiles/RP2040-CAN-Driver.dir/usr/share/pico-sdk/src/rp2_common/hardware_ticks/ticks.c.o
                0x10001c8c                tick_start
 .text.rom_func_lookup
                0x10001c9c       0x10 CMakeFiles/RP2040-CAN-Driver.dir/usr/share/pico-sdk/src/rp2_common/pico_bootrom/bootrom.c.o
                0x10001c9c                rom_func_lookup
 .text.rom_data_lookup
                0x10001cac       0x10 CMakeFiles/RP2040-CAN-Driver.dir/usr/share/pico-sdk/src/rp2_common/pico_bootrom/bootrom.c.o
                0x10001cac                rom_data_lookup
 .text.rom_funcs_lookup
                0x10001cbc       0x44 CMakeFiles/RP2040-CAN-Driver.dir/usr/share/pico-sdk/src/rp2_common/pico_bootrom/bootrom.c.o
                0x10001cbc                rom_funcs_lookup
 .text.rom_reset_usb_boot_extra
                0x10001d00       0x24 CMakeFiles/RP2040-CAN-Driver.dir/usr/share/pico-sdk/src/rp2_common/pico_bootrom/bootrom.c.o
                0x10001d00                rom_reset_usb_boot_extra
 .text.xosc_init
                0x10001d24       0x28 CMakeFiles/RP2040-CAN-Driver.dir/usr/share/pico-sdk/src/rp2_common/hardware_xosc/xosc.c.o
                0x10001d24                xosc_init
 .text.first_per_core_initializer
                0x10001d4c        0x4 CMakeFiles/RP2040-CAN-Driver.dir/usr/share/pico-sdk/src/rp2_common/pico_runtime/runtime.c.o
 .text.hard_assertion_failure
                0x10001d50        0xc CMakeFiles/RP2040-CAN-Driver.dir/usr/share/pico-sdk/src/rp2_common/pico_runtime/runtime.c.o
                0x10001d50                hard_assertion_failure
 .text.runtime_run_initializers
                0x10001d5c       0x28 CMakeFiles/RP2040-CAN-Driver.dir/usr/share/pico-sdk/src/rp2_common/pico_runtime/runtime.c.o
                0x10001d5c                runtime_run_initializers
 .text.runtime_init_early_resets
                0x10001d84       0x2c CMakeFiles/RP2040-CAN-Driver.dir/usr/share/pico-sdk/src/rp2_common/pico_runtime_init/runtime_init.c.o
                0x10001d84                runtime_init_early_resets
 .text.runtime_init_usb_power_down
                0x10001db0       0x1c CMakeFiles/RP2040-CAN-Driver.dir/usr/share/pico-sdk/src/rp2_common/pico_runtime_init/runtime_init.c.o
                0x10001db0                runtime_init_usb_power_down
 .text.runtime_init_post_clock_resets
                0x10001dcc       0x20 CMakeFiles/RP2040-CAN-Driver.dir/usr/share/pico-sdk/src/rp2_common/pico_runtime_init/runtime_init.c.o
                0x10001dcc                runtime_init_post_clock_resets
 .text.runtime_init_rp2040_gpio_ie_disable
                0x10001dec       0x14 CMakeFiles/RP2040-CAN-Driver.dir/usr/share/pico-sdk/src/rp2_common/pico_runtime_init/runtime_init.c.o
                0x10001dec                runtime_init_rp2040_gpio_ie_disable
 .text.runtime_init_spin_locks_reset
                0x10001e00        0x8 CMakeFiles/RP2040-CAN-Driver.dir/usr/share/pico-sdk/src/rp2_common/pico_runtime_init/runtime_init.c.o
                0x10001e00                runtime_init_spin_locks_reset
 .text.runtime_init_install_ram_vector_table
                0x10001e08       0x1c CMakeFiles/RP2040-CAN-Driver.dir/usr/share/pico-sdk/src/rp2_common/pico_runtime_init/runtime_init.c.o
                0x10001e08                runtime_init_install_ram_vector_table
 .text.runtime_init_clocks
                0x10001e24       0xd8 CMakeFiles/RP2040-CAN-Driver.dir/usr/share/pico-sdk/src/rp2_common/pico_runtime_init/runtime_init_clocks.c.o
                0x10001e24                runtime_init_clocks
 .text          0x10001efc       0x10 CMakeFiles/RP2040-CAN-Driver.dir/usr/share/pico-sdk/src/rp2_common/pico_bit_ops/bit_ops_aeabi.S.o
 .text.__wrap___aeabi_idiv
                0x10001f0c       0x50 CMakeFiles/RP2040-CAN-Driver.dir/usr/share/pico-sdk/src/rp2_common/pico_divider/divider_hardware.S.o
                0x10001f0c                __wrap___aeabi_idivmod
                0x10001f0c                divmod_s32s32
                0x10001f0c                div_s32s32
                0x10001f0c                __wrap___aeabi_idiv
                0x10001f14                divmod_s32s32_unsafe
                0x10001f40                divmod_s32s32_savestate
 .text.__wrap___aeabi_uidiv
                0x10001f5c       0x4c CMakeFiles/RP2040-CAN-Driver.dir/usr/share/pico-sdk/src/rp2_common/pico_divider/divider_hardware.S.o
                0x10001f5c                __wrap___aeabi_uidiv
                0x10001f5c                __wrap___aeabi_uidivmod
                0x10001f5c                div_u32u32
                0x10001f5c                divmod_u32u32
                0x10001f64                divmod_u32u32_unsafe
                0x10001f8c                divmod_u32u32_savestate
 .text.__wrap___aeabi_ldiv
                0x10001fa8      0x424 CMakeFiles/RP2040-CAN-Driver.dir/usr/share/pico-sdk/src/rp2_common/pico_divider/divider_hardware.S.o
                0x10001fa8                div_s64s64
                0x10001fa8                divmod_s64s64
                0x10001fa8                __wrap___aeabi_ldivmod
                0x10001fd8                div_u64u64
                0x10001fd8                divmod_u64u64
                0x10001fd8                __wrap___aeabi_uldivmod
                0x10001fe8                divmod_u64u64_savestate
                0x10002008                divmod_s64s64_unsafe
                0x10002090                divmod_u64u64_unsafe
 .text.__wrap___aeabi_darithmetic
                0x100023cc       0x80 CMakeFiles/RP2040-CAN-Driver.dir/usr/share/pico-sdk/src/rp2_common/pico_double/double_aeabi_rp2040.S.o
                0x100023cc                __wrap___aeabi_drsub
                0x100023d2                __wrap___aeabi_dsub
                0x100023e4                __wrap___aeabi_dadd
                0x100023f6                __wrap___aeabi_ddiv
                0x10002432                __wrap___aeabi_dmul
 .text.__wrap___aeabi_cdcmple
                0x1000244c       0x6c CMakeFiles/RP2040-CAN-Driver.dir/usr/share/pico-sdk/src/rp2_common/pico_double/double_aeabi_rp2040.S.o
                0x1000244c                __wrap___aeabi_cdrcmple
                0x1000245c                __wrap___aeabi_cdcmple
                0x1000245c                __wrap___aeabi_cdcmpeq
 .text.__wrap___aeabi_dcmplt
                0x100024b8        0xc CMakeFiles/RP2040-CAN-Driver.dir/usr/share/pico-sdk/src/rp2_common/pico_double/double_aeabi_rp2040.S.o
                0x100024b8                __wrap___aeabi_dcmplt
 .text.__wrap___aeabi_dcmple
                0x100024c4       0x10 CMakeFiles/RP2040-CAN-Driver.dir/usr/share/pico-sdk/src/rp2_common/pico_double/double_aeabi_rp2040.S.o
                0x100024c4                __wrap___aeabi_dcmple
 .text.__wrap___aeabi_dcmpge
                0x100024d4       0x10 CMakeFiles/RP2040-CAN-Driver.dir/usr/share/pico-sdk/src/rp2_common/pico_double/double_aeabi_rp2040.S.o
                0x100024d4                __wrap___aeabi_dcmpge
 .text.__wrap___aeabi_dcmpgt
                0x100024e4        0xa CMakeFiles/RP2040-CAN-Driver.dir/usr/share/pico-sdk/src/rp2_common/pico_double/double_aeabi_rp2040.S.o
                0x100024e4                __wrap___aeabi_dcmpgt
 .text.__wrap___aeabi_dcmpun
                0x100024ee       0x18 CMakeFiles/RP2040-CAN-Driver.dir/usr/share/pico-sdk/src/rp2_common/pico_double/double_aeabi_rp2040.S.o
                0x100024ee                __wrap___aeabi_dcmpun
 *fill*         0x10002506        0x2 
 .text.__wrap___aeabi_i2d
                0x10002508       0x38 CMakeFiles/RP2040-CAN-Driver.dir/usr/share/pico-sdk/src/rp2_common/pico_double/double_aeabi_rp2040.S.o
                0x10002508                __wrap___aeabi_ui2d
                0x10002510                __wrap___aeabi_i2d
 .text.__wrap___aeabi_d2iz
                0x10002540       0x48 CMakeFiles/RP2040-CAN-Driver.dir/usr/share/pico-sdk/src/rp2_common/pico_double/double_aeabi_rp2040.S.o
                0x10002540                __wrap___aeabi_d2iz
                0x10002540                double2int_z
 .text.__wrap___aeabi_d2uiz
                0x10002588       0x18 CMakeFiles/RP2040-CAN-Driver.dir/usr/share/pico-sdk/src/rp2_common/pico_double/double_aeabi_rp2040.S.o
                0x10002588                double2uint
                0x10002588                __wrap___aeabi_d2uiz
 .text.__aeabi_double_init
                0x100025a0       0xa4 CMakeFiles/RP2040-CAN-Driver.dir/usr/share/pico-sdk/src/rp2_common/pico_double/double_init_rom_rp2040.c.o
                0x100025a0                __aeabi_double_init
 .text.double_table_shim_on_use_helper
                0x10002644       0x2c CMakeFiles/RP2040-CAN-Driver.dir/usr/share/pico-sdk/src/rp2_common/pico_double/double_v1_rom_shim_rp2040.S.o
                0x10002644                double_table_shim_on_use_helper
 .text.__wrap___aeabi_dsub
                0x10002670       0x10 CMakeFiles/RP2040-CAN-Driver.dir/usr/share/pico-sdk/src/rp2_common/pico_double/double_v1_rom_shim_rp2040.S.o
                0x10002670                drsub_shim
                0x10002676                dsub_shim
 .text.dadd_shim
                0x10002680      0x15c CMakeFiles/RP2040-CAN-Driver.dir/usr/share/pico-sdk/src/rp2_common/pico_double/double_v1_rom_shim_rp2040.S.o
                0x10002680                dadd_shim
 .text.dmul_shim
                0x100027dc      0x15c CMakeFiles/RP2040-CAN-Driver.dir/usr/share/pico-sdk/src/rp2_common/pico_double/double_v1_rom_shim_rp2040.S.o
                0x100027dc                dmul_shim
 .text.ddiv_shim
                0x10002938      0x1b0 CMakeFiles/RP2040-CAN-Driver.dir/usr/share/pico-sdk/src/rp2_common/pico_double/double_v1_rom_shim_rp2040.S.o
                0x10002938                ddiv_shim
 .text.double2uint_shim
                0x10002ae8        0xe CMakeFiles/RP2040-CAN-Driver.dir/usr/share/pico-sdk/src/rp2_common/pico_double/double_v1_rom_shim_rp2040.S.o
                0x10002ae8                double2uint_shim
                0x10002aea                double2ufix_shim
 *fill*         0x10002af6        0x2 
 .text.double2uint64_shim
                0x10002af8       0x70 CMakeFiles/RP2040-CAN-Driver.dir/usr/share/pico-sdk/src/rp2_common/pico_double/double_v1_rom_shim_rp2040.S.o
                0x10002af8                double2uint64_shim
                0x10002afa                double2ufix64_shim
                0x10002b1a                d2fix_a
 .text.dunpacks
                0x10002b68       0x3c CMakeFiles/RP2040-CAN-Driver.dir/usr/share/pico-sdk/src/rp2_common/pico_double/double_v1_rom_shim_rp2040.S.o
                0x10002b68                dunpacks
 .text.__aeabi_lmul
                0x10002ba4       0x32 CMakeFiles/RP2040-CAN-Driver.dir/usr/share/pico-sdk/src/rp2_common/pico_int64_ops/pico_int64_ops_aeabi.S.o
                0x10002ba4                __wrap___aeabi_lmul
 *fill*         0x10002bd6        0x2 
 .text.__aeabi_float_init
                0x10002bd8       0x64 CMakeFiles/RP2040-CAN-Driver.dir/usr/share/pico-sdk/src/rp2_common/pico_float/float_init_rom_rp2040.c.o
                0x10002bd8                __aeabi_float_init
 .text.float_table_shim_on_use_helper
                0x10002c3c       0x2c CMakeFiles/RP2040-CAN-Driver.dir/usr/share/pico-sdk/src/rp2_common/pico_float/float_v1_rom_shim_rp2040.S.o
                0x10002c3c                float_table_shim_on_use_helper
 .text          0x10002c68       0x10 CMakeFiles/RP2040-CAN-Driver.dir/usr/share/pico-sdk/src/rp2_common/pico_mem_ops/mem_ops_aeabi.S.o
                0x10002c68                __aeabi_mem_init
 .text.memset   0x10002c78        0xc CMakeFiles/RP2040-CAN-Driver.dir/usr/share/pico-sdk/src/rp2_common/pico_mem_ops/mem_ops_aeabi.S.o
                0x10002c78                __wrap_memset
 .text.memcpy   0x10002c84        0xc CMakeFiles/RP2040-CAN-Driver.dir/usr/share/pico-sdk/src/rp2_common/pico_mem_ops/mem_ops_aeabi.S.o
                0x10002c84                __wrap___aeabi_memcpy
                0x10002c84                __wrap_memcpy
 .text._out_null
                0x10002c90        0x4 CMakeFiles/RP2040-CAN-Driver.dir/usr/share/pico-sdk/src/rp2_common/pico_printf/printf.c.o
 .text._out_rev
                0x10002c94       0xac CMakeFiles/RP2040-CAN-Driver.dir/usr/share/pico-sdk/src/rp2_common/pico_printf/printf.c.o
 .text._ntoa_format
                0x10002d40      0x1cc CMakeFiles/RP2040-CAN-Driver.dir/usr/share/pico-sdk/src/rp2_common/pico_printf/printf.c.o
 .text._out_char
                0x10002f0c       0x10 CMakeFiles/RP2040-CAN-Driver.dir/usr/share/pico-sdk/src/rp2_common/pico_printf/printf.c.o
 .text._out_fct
                0x10002f1c       0x10 CMakeFiles/RP2040-CAN-Driver.dir/usr/share/pico-sdk/src/rp2_common/pico_printf/printf.c.o
 .text._ftoa    0x10002f2c      0x4a8 CMakeFiles/RP2040-CAN-Driver.dir/usr/share/pico-sdk/src/rp2_common/pico_printf/printf.c.o
 .text._etoa    0x100033d4      0x57c CMakeFiles/RP2040-CAN-Driver.dir/usr/share/pico-sdk/src/rp2_common/pico_printf/printf.c.o
 .text._vsnprintf
                0x10003950      0xbe0 CMakeFiles/RP2040-CAN-Driver.dir/usr/share/pico-sdk/src/rp2_common/pico_printf/printf.c.o
 .text.vfctprintf
                0x10004530       0x24 CMakeFiles/RP2040-CAN-Driver.dir/usr/share/pico-sdk/src/rp2_common/pico_printf/printf.c.o
                0x10004530                vfctprintf
 .text.weak_raw_vprintf
                0x10004554       0x30 CMakeFiles/RP2040-CAN-Driver.dir/usr/share/pico-sdk/src/rp2_common/pico_printf/printf.c.o
                0x10004554                weak_raw_vprintf
 .text._exit    0x10004584        0x4 CMakeFiles/RP2040-CAN-Driver.dir/usr/share/pico-sdk/src/rp2_common/pico_clib_interface/newlib_interface.c.o
                0x10004584                _exit
 .text.exit     0x10004588        0x8 CMakeFiles/RP2040-CAN-Driver.dir/usr/share/pico-sdk/src/rp2_common/pico_clib_interface/newlib_interface.c.o
                0x10004588                exit
 .text.runtime_init
                0x10004590       0x2c CMakeFiles/RP2040-CAN-Driver.dir/usr/share/pico-sdk/src/rp2_common/pico_clib_interface/newlib_interface.c.o
                0x10004590                runtime_init
 .text.stdio_out_chars_no_crlf
                0x100045bc       0x10 CMakeFiles/RP2040-CAN-Driver.dir/usr/share/pico-sdk/src/rp2_common/pico_stdio/stdio.c.o
 .text.stdio_out_chars_crlf
                0x100045cc       0xb0 CMakeFiles/RP2040-CAN-Driver.dir/usr/share/pico-sdk/src/rp2_common/pico_stdio/stdio.c.o
 .text.stdio_buffered_printer
                0x1000467c       0x64 CMakeFiles/RP2040-CAN-Driver.dir/usr/share/pico-sdk/src/rp2_common/pico_stdio/stdio.c.o
 .text.stdio_put_string
                0x100046e0       0xfc CMakeFiles/RP2040-CAN-Driver.dir/usr/share/pico-sdk/src/rp2_common/pico_stdio/stdio.c.o
                0x100046e0                stdio_put_string
 .text.stdio_set_driver_enabled
                0x100047dc       0x30 CMakeFiles/RP2040-CAN-Driver.dir/usr/share/pico-sdk/src/rp2_common/pico_stdio/stdio.c.o
                0x100047dc                stdio_set_driver_enabled
 .text.stdio_init_all
                0x1000480c       0x10 CMakeFiles/RP2040-CAN-Driver.dir/usr/share/pico-sdk/src/rp2_common/pico_stdio/stdio.c.o
                0x1000480c                stdio_init_all
 .text.__wrap_putchar
                0x1000481c       0x94 CMakeFiles/RP2040-CAN-Driver.dir/usr/share/pico-sdk/src/rp2_common/pico_stdio/stdio.c.o
                0x1000481c                stdio_putchar
                0x1000481c                __wrap_putchar
 .text.__wrap_puts
                0x100048b0       0x3c CMakeFiles/RP2040-CAN-Driver.dir/usr/share/pico-sdk/src/rp2_common/pico_stdio/stdio.c.o
                0x100048b0                __wrap_puts
                0x100048b0                stdio_puts
 .text.__wrap_vprintf
                0x100048ec       0xcc CMakeFiles/RP2040-CAN-Driver.dir/usr/share/pico-sdk/src/rp2_common/pico_stdio/stdio.c.o
                0x100048ec                __wrap_vprintf
                0x100048ec                stdio_vprintf
 .text.__wrap_printf
                0x100049b8       0x18 CMakeFiles/RP2040-CAN-Driver.dir/usr/share/pico-sdk/src/rp2_common/pico_stdio/stdio.c.o
                0x100049b8                stdio_printf
                0x100049b8                __wrap_printf
 .text.stdio_uart_out_chars
                0x100049d0       0x4c CMakeFiles/RP2040-CAN-Driver.dir/usr/share/pico-sdk/src/rp2_common/pico_stdio_uart/stdio_uart.c.o
 .text.stdio_uart_in_chars
                0x10004a1c       0x90 CMakeFiles/RP2040-CAN-Driver.dir/usr/share/pico-sdk/src/rp2_common/pico_stdio_uart/stdio_uart.c.o
                0x10004a1c                stdio_uart_in_chars
 .text.on_uart_rx
                0x10004aac       0x28 CMakeFiles/RP2040-CAN-Driver.dir/usr/share/pico-sdk/src/rp2_common/pico_stdio_uart/stdio_uart.c.o
 .text.stdio_uart_out_flush
                0x10004ad4       0x14 CMakeFiles/RP2040-CAN-Driver.dir/usr/share/pico-sdk/src/rp2_common/pico_stdio_uart/stdio_uart.c.o
 .text.stdio_uart_set_chars_available_callback
                0x10004ae8       0x84 CMakeFiles/RP2040-CAN-Driver.dir/usr/share/pico-sdk/src/rp2_common/pico_stdio_uart/stdio_uart.c.o
 .text.stdio_uart_init
                0x10004b6c       0x50 CMakeFiles/RP2040-CAN-Driver.dir/usr/share/pico-sdk/src/rp2_common/pico_stdio_uart/stdio_uart.c.o
                0x10004b6c                stdio_uart_init
 .text.resetd_init
                0x10004bbc        0x4 CMakeFiles/RP2040-CAN-Driver.dir/usr/share/pico-sdk/src/rp2_common/pico_stdio_usb/reset_interface.c.o
 .text.resetd_reset
                0x10004bc0        0xc CMakeFiles/RP2040-CAN-Driver.dir/usr/share/pico-sdk/src/rp2_common/pico_stdio_usb/reset_interface.c.o
 .text.resetd_open
                0x10004bcc       0x28 CMakeFiles/RP2040-CAN-Driver.dir/usr/share/pico-sdk/src/rp2_common/pico_stdio_usb/reset_interface.c.o
 .text.resetd_xfer_cb
                0x10004bf4        0x4 CMakeFiles/RP2040-CAN-Driver.dir/usr/share/pico-sdk/src/rp2_common/pico_stdio_usb/reset_interface.c.o
 .text.resetd_control_xfer_cb
                0x10004bf8       0x54 CMakeFiles/RP2040-CAN-Driver.dir/usr/share/pico-sdk/src/rp2_common/pico_stdio_usb/reset_interface.c.o
 .text.tud_descriptor_bos_cb
                0x10004c4c        0x8 CMakeFiles/RP2040-CAN-Driver.dir/usr/share/pico-sdk/src/rp2_common/pico_stdio_usb/reset_interface.c.o
                0x10004c4c                tud_descriptor_bos_cb
 .text.tud_vendor_control_xfer_cb
                0x10004c54       0x34 CMakeFiles/RP2040-CAN-Driver.dir/usr/share/pico-sdk/src/rp2_common/pico_stdio_usb/reset_interface.c.o
                0x10004c54                tud_vendor_control_xfer_cb
 .text.usbd_app_driver_get_cb
                0x10004c88        0xc CMakeFiles/RP2040-CAN-Driver.dir/usr/share/pico-sdk/src/rp2_common/pico_stdio_usb/reset_interface.c.o
                0x10004c88                usbd_app_driver_get_cb
 .text.tud_cdc_line_coding_cb
                0x10004c94       0x2c CMakeFiles/RP2040-CAN-Driver.dir/usr/share/pico-sdk/src/rp2_common/pico_stdio_usb/reset_interface.c.o
                0x10004c94                tud_cdc_line_coding_cb
 .text.stdio_usb_set_chars_available_callback
                0x10004cc0       0x14 CMakeFiles/RP2040-CAN-Driver.dir/usr/share/pico-sdk/src/rp2_common/pico_stdio_usb/stdio_usb.c.o
                0x10004cc0                stdio_usb_set_chars_available_callback
 .text.usb_irq  0x10004cd4       0x10 CMakeFiles/RP2040-CAN-Driver.dir/usr/share/pico-sdk/src/rp2_common/pico_stdio_usb/stdio_usb.c.o
 .text.timer_task
                0x10004ce4       0x64 CMakeFiles/RP2040-CAN-Driver.dir/usr/share/pico-sdk/src/rp2_common/pico_stdio_usb/stdio_usb.c.o
 .text.stdio_usb_in_chars
                0x10004d48       0x8c CMakeFiles/RP2040-CAN-Driver.dir/usr/share/pico-sdk/src/rp2_common/pico_stdio_usb/stdio_usb.c.o
                0x10004d48                stdio_usb_in_chars
 .text.stdio_usb_out_flush
                0x10004dd4       0x4c CMakeFiles/RP2040-CAN-Driver.dir/usr/share/pico-sdk/src/rp2_common/pico_stdio_usb/stdio_usb.c.o
 .text.stdio_usb_out_chars
                0x10004e20      0x100 CMakeFiles/RP2040-CAN-Driver.dir/usr/share/pico-sdk/src/rp2_common/pico_stdio_usb/stdio_usb.c.o
 .text.low_priority_worker_irq
                0x10004f20       0xc8 CMakeFiles/RP2040-CAN-Driver.dir/usr/share/pico-sdk/src/rp2_common/pico_stdio_usb/stdio_usb.c.o
 .text.stdio_usb_init
                0x10004fe8       0xe4 CMakeFiles/RP2040-CAN-Driver.dir/usr/share/pico-sdk/src/rp2_common/pico_stdio_usb/stdio_usb.c.o
                0x10004fe8                stdio_usb_init
 .text.tud_descriptor_device_cb
                0x100050cc        0x8 CMakeFiles/RP2040-CAN-Driver.dir/usr/share/pico-sdk/src/rp2_common/pico_stdio_usb/stdio_usb_descriptors.c.o
                0x100050cc                tud_descriptor_device_cb
 .text.tud_descriptor_configuration_cb
                0x100050d4        0x8 CMakeFiles/RP2040-CAN-Driver.dir/usr/share/pico-sdk/src/rp2_common/pico_stdio_usb/stdio_usb_descriptors.c.o
                0x100050d4                tud_descriptor_configuration_cb
 .text.tud_descriptor_string_cb
                0x100050dc       0x78 CMakeFiles/RP2040-CAN-Driver.dir/usr/share/pico-sdk/src/rp2_common/pico_stdio_usb/stdio_usb_descriptors.c.o
                0x100050dc                tud_descriptor_string_cb
 .text.startup._retrieve_unique_id_on_boot
                0x10005154       0x10 CMakeFiles/RP2040-CAN-Driver.dir/usr/share/pico-sdk/src/rp2_common/pico_unique_id/unique_id.c.o
 .text.pico_get_unique_board_id_string
                0x10005164      0x1a8 CMakeFiles/RP2040-CAN-Driver.dir/usr/share/pico-sdk/src/rp2_common/pico_unique_id/unique_id.c.o
                0x10005164                pico_get_unique_board_id_string
 .text.flash_get_unique_id
                0x1000530c       0x3c CMakeFiles/RP2040-CAN-Driver.dir/usr/share/pico-sdk/src/rp2_common/hardware_flash/flash.c.o
                0x1000530c                flash_get_unique_id
 .text.dcd_init
                0x10005348       0x8c CMakeFiles/RP2040-CAN-Driver.dir/usr/share/pico-sdk/lib/tinyusb/src/portable/raspberrypi/rp2040/dcd_rp2040.c.o
                0x10005348                dcd_init
 .text.dcd_int_enable
                0x100053d4        0xc CMakeFiles/RP2040-CAN-Driver.dir/usr/share/pico-sdk/lib/tinyusb/src/portable/raspberrypi/rp2040/dcd_rp2040.c.o
                0x100053d4                dcd_int_enable
 .text.dcd_set_address
                0x100053e0       0x14 CMakeFiles/RP2040-CAN-Driver.dir/usr/share/pico-sdk/lib/tinyusb/src/portable/raspberrypi/rp2040/dcd_rp2040.c.o
                0x100053e0                dcd_set_address
 .text.dcd_sof_enable
                0x100053f4       0x1c CMakeFiles/RP2040-CAN-Driver.dir/usr/share/pico-sdk/lib/tinyusb/src/portable/raspberrypi/rp2040/dcd_rp2040.c.o
                0x100053f4                dcd_sof_enable
 .text.dcd_edpt0_status_complete
                0x10005410       0x1c CMakeFiles/RP2040-CAN-Driver.dir/usr/share/pico-sdk/lib/tinyusb/src/portable/raspberrypi/rp2040/dcd_rp2040.c.o
                0x10005410                dcd_edpt0_status_complete
 .text.dcd_edpt_open
                0x1000542c      0x108 CMakeFiles/RP2040-CAN-Driver.dir/usr/share/pico-sdk/lib/tinyusb/src/portable/raspberrypi/rp2040/dcd_rp2040.c.o
                0x1000542c                dcd_edpt_open
 .text.dcd_edpt_close_all
                0x10005534        0x8 CMakeFiles/RP2040-CAN-Driver.dir/usr/share/pico-sdk/lib/tinyusb/src/portable/raspberrypi/rp2040/dcd_rp2040.c.o
                0x10005534                dcd_edpt_close_all
 .text.dcd_edpt_xfer
                0x1000553c       0x24 CMakeFiles/RP2040-CAN-Driver.dir/usr/share/pico-sdk/lib/tinyusb/src/portable/raspberrypi/rp2040/dcd_rp2040.c.o
                0x1000553c                dcd_edpt_xfer
 .text.dcd_edpt_stall
                0x10005560       0x3c CMakeFiles/RP2040-CAN-Driver.dir/usr/share/pico-sdk/lib/tinyusb/src/portable/raspberrypi/rp2040/dcd_rp2040.c.o
                0x10005560                dcd_edpt_stall
 .text.dcd_edpt_clear_stall
                0x1000559c       0x30 CMakeFiles/RP2040-CAN-Driver.dir/usr/share/pico-sdk/lib/tinyusb/src/portable/raspberrypi/rp2040/dcd_rp2040.c.o
                0x1000559c                dcd_edpt_clear_stall
 .text.rp2040_usb_init
                0x100055cc       0x40 CMakeFiles/RP2040-CAN-Driver.dir/usr/share/pico-sdk/lib/tinyusb/src/portable/raspberrypi/rp2040/rp2040_usb.c.o
                0x100055cc                rp2040_usb_init
 .text.hw_endpoint_xfer_start
                0x1000560c       0x40 CMakeFiles/RP2040-CAN-Driver.dir/usr/share/pico-sdk/lib/tinyusb/src/portable/raspberrypi/rp2040/rp2040_usb.c.o
                0x1000560c                hw_endpoint_xfer_start
 .text.tud_event_hook_cb
                0x1000564c        0x4 CMakeFiles/RP2040-CAN-Driver.dir/usr/share/pico-sdk/lib/tinyusb/src/device/usbd.c.o
                0x1000564c                tud_event_hook_cb
 .text.tud_sof_cb
                0x10005650        0x4 CMakeFiles/RP2040-CAN-Driver.dir/usr/share/pico-sdk/lib/tinyusb/src/device/usbd.c.o
                0x10005650                tud_sof_cb
 .text.tud_descriptor_device_qualifier_cb
                0x10005654        0x4 CMakeFiles/RP2040-CAN-Driver.dir/usr/share/pico-sdk/lib/tinyusb/src/device/usbd.c.o
                0x10005654                tud_descriptor_device_qualifier_cb
 .text.tud_descriptor_other_speed_configuration_cb
                0x10005658        0x4 CMakeFiles/RP2040-CAN-Driver.dir/usr/share/pico-sdk/lib/tinyusb/src/device/usbd.c.o
                0x10005658                tud_descriptor_other_speed_configuration_cb
 .text.tud_mount_cb
                0x1000565c        0x4 CMakeFiles/RP2040-CAN-Driver.dir/usr/share/pico-sdk/lib/tinyusb/src/device/usbd.c.o
                0x1000565c                tud_mount_cb
 .text.tud_umount_cb
                0x10005660        0x4 CMakeFiles/RP2040-CAN-Driver.dir/usr/share/pico-sdk/lib/tinyusb/src/device/usbd.c.o
                0x10005660                tud_umount_cb
 .text.tud_suspend_cb
                0x10005664        0x4 CMakeFiles/RP2040-CAN-Driver.dir/usr/share/pico-sdk/lib/tinyusb/src/device/usbd.c.o
                0x10005664                tud_suspend_cb
 .text.tud_resume_cb
                0x10005668        0x4 CMakeFiles/RP2040-CAN-Driver.dir/usr/share/pico-sdk/lib/tinyusb/src/device/usbd.c.o
                0x10005668                tud_resume_cb
 .text.tud_mounted
                0x1000566c       0x10 CMakeFiles/RP2040-CAN-Driver.dir/usr/share/pico-sdk/lib/tinyusb/src/device/usbd.c.o
                0x1000566c                tud_mounted
 .text.tud_suspended
                0x1000567c       0x10 CMakeFiles/RP2040-CAN-Driver.dir/usr/share/pico-sdk/lib/tinyusb/src/device/usbd.c.o
                0x1000567c                tud_suspended
 .text.tud_init
                0x1000568c       0xe0 CMakeFiles/RP2040-CAN-Driver.dir/usr/share/pico-sdk/lib/tinyusb/src/device/usbd.c.o
                0x1000568c                tud_init
 .text.tud_task_ext
                0x1000576c      0x800 CMakeFiles/RP2040-CAN-Driver.dir/usr/share/pico-sdk/lib/tinyusb/src/device/usbd.c.o
                0x1000576c                tud_task_ext
 .text.usbd_open_edpt_pair
                0x10005f6c       0x9c CMakeFiles/RP2040-CAN-Driver.dir/usr/share/pico-sdk/lib/tinyusb/src/device/usbd.c.o
                0x10005f6c                usbd_open_edpt_pair
 .text.usbd_edpt_open
                0x10006008       0x34 CMakeFiles/RP2040-CAN-Driver.dir/usr/share/pico-sdk/lib/tinyusb/src/device/usbd.c.o
                0x10006008                usbd_edpt_open
 .text.usbd_edpt_claim
                0x1000603c       0x28 CMakeFiles/RP2040-CAN-Driver.dir/usr/share/pico-sdk/lib/tinyusb/src/device/usbd.c.o
                0x1000603c                usbd_edpt_claim
 .text.usbd_edpt_release
                0x10006064       0x28 CMakeFiles/RP2040-CAN-Driver.dir/usr/share/pico-sdk/lib/tinyusb/src/device/usbd.c.o
                0x10006064                usbd_edpt_release
 .text.usbd_edpt_xfer
                0x1000608c       0x4c CMakeFiles/RP2040-CAN-Driver.dir/usr/share/pico-sdk/lib/tinyusb/src/device/usbd.c.o
                0x1000608c                usbd_edpt_xfer
 .text.tud_control_status
                0x100060d8       0x2c CMakeFiles/RP2040-CAN-Driver.dir/usr/share/pico-sdk/lib/tinyusb/src/device/usbd_control.c.o
                0x100060d8                tud_control_status
 .text.tud_control_xfer
                0x10006104       0xa8 CMakeFiles/RP2040-CAN-Driver.dir/usr/share/pico-sdk/lib/tinyusb/src/device/usbd_control.c.o
                0x10006104                tud_control_xfer
 .text.usbd_control_reset
                0x100061ac       0x14 CMakeFiles/RP2040-CAN-Driver.dir/usr/share/pico-sdk/lib/tinyusb/src/device/usbd_control.c.o
                0x100061ac                usbd_control_reset
 .text.usbd_control_set_complete_callback
                0x100061c0        0xc CMakeFiles/RP2040-CAN-Driver.dir/usr/share/pico-sdk/lib/tinyusb/src/device/usbd_control.c.o
                0x100061c0                usbd_control_set_complete_callback
 .text.usbd_control_set_request
                0x100061cc       0x1c CMakeFiles/RP2040-CAN-Driver.dir/usr/share/pico-sdk/lib/tinyusb/src/device/usbd_control.c.o
                0x100061cc                usbd_control_set_request
 .text.usbd_control_xfer_cb
                0x100061e8       0xec CMakeFiles/RP2040-CAN-Driver.dir/usr/share/pico-sdk/lib/tinyusb/src/device/usbd_control.c.o
                0x100061e8                usbd_control_xfer_cb
 .text._prep_out_transaction.isra.0
                0x100062d4       0x5c CMakeFiles/RP2040-CAN-Driver.dir/usr/share/pico-sdk/lib/tinyusb/src/class/cdc/cdc_device.c.o
 .text.tud_cdc_n_connected
                0x10006330       0x30 CMakeFiles/RP2040-CAN-Driver.dir/usr/share/pico-sdk/lib/tinyusb/src/class/cdc/cdc_device.c.o
                0x10006330                tud_cdc_n_connected
 .text.tud_cdc_n_available
                0x10006360       0x18 CMakeFiles/RP2040-CAN-Driver.dir/usr/share/pico-sdk/lib/tinyusb/src/class/cdc/cdc_device.c.o
                0x10006360                tud_cdc_n_available
 .text.tud_cdc_n_read
                0x10006378       0x9c CMakeFiles/RP2040-CAN-Driver.dir/usr/share/pico-sdk/lib/tinyusb/src/class/cdc/cdc_device.c.o
                0x10006378                tud_cdc_n_read
 .text.tud_cdc_n_write_flush
                0x10006414       0x78 CMakeFiles/RP2040-CAN-Driver.dir/usr/share/pico-sdk/lib/tinyusb/src/class/cdc/cdc_device.c.o
                0x10006414                tud_cdc_n_write_flush
 .text.tud_cdc_n_write
                0x1000648c       0x40 CMakeFiles/RP2040-CAN-Driver.dir/usr/share/pico-sdk/lib/tinyusb/src/class/cdc/cdc_device.c.o
                0x1000648c                tud_cdc_n_write
 .text.tud_cdc_n_write_available
                0x100064cc       0x18 CMakeFiles/RP2040-CAN-Driver.dir/usr/share/pico-sdk/lib/tinyusb/src/class/cdc/cdc_device.c.o
                0x100064cc                tud_cdc_n_write_available
 .text.cdcd_init
                0x100064e4       0x7c CMakeFiles/RP2040-CAN-Driver.dir/usr/share/pico-sdk/lib/tinyusb/src/class/cdc/cdc_device.c.o
                0x100064e4                cdcd_init
 .text.cdcd_deinit
                0x10006560       0x30 CMakeFiles/RP2040-CAN-Driver.dir/usr/share/pico-sdk/lib/tinyusb/src/class/cdc/cdc_device.c.o
                0x10006560                cdcd_deinit
 .text.cdcd_reset
                0x10006590       0x4c CMakeFiles/RP2040-CAN-Driver.dir/usr/share/pico-sdk/lib/tinyusb/src/class/cdc/cdc_device.c.o
                0x10006590                cdcd_reset
 .text.cdcd_open
                0x100065dc       0xb0 CMakeFiles/RP2040-CAN-Driver.dir/usr/share/pico-sdk/lib/tinyusb/src/class/cdc/cdc_device.c.o
                0x100065dc                cdcd_open
 .text.cdcd_control_xfer_cb
                0x1000668c       0xe4 CMakeFiles/RP2040-CAN-Driver.dir/usr/share/pico-sdk/lib/tinyusb/src/class/cdc/cdc_device.c.o
                0x1000668c                cdcd_control_xfer_cb
 .text.cdcd_xfer_cb
                0x10006770      0x100 CMakeFiles/RP2040-CAN-Driver.dir/usr/share/pico-sdk/lib/tinyusb/src/class/cdc/cdc_device.c.o
                0x10006770                cdcd_xfer_cb
 .text.vendord_init
                0x10006870       0x5c CMakeFiles/RP2040-CAN-Driver.dir/usr/share/pico-sdk/lib/tinyusb/src/class/vendor/vendor_device.c.o
                0x10006870                vendord_init
 .text.vendord_deinit
                0x100068cc       0x1c CMakeFiles/RP2040-CAN-Driver.dir/usr/share/pico-sdk/lib/tinyusb/src/class/vendor/vendor_device.c.o
                0x100068cc                vendord_deinit
 .text.vendord_reset
                0x100068e8       0x20 CMakeFiles/RP2040-CAN-Driver.dir/usr/share/pico-sdk/lib/tinyusb/src/class/vendor/vendor_device.c.o
                0x100068e8                vendord_reset
 .text.vendord_open
                0x10006908      0x128 CMakeFiles/RP2040-CAN-Driver.dir/usr/share/pico-sdk/lib/tinyusb/src/class/vendor/vendor_device.c.o
                0x10006908                vendord_open
 .text.vendord_xfer_cb
                0x10006a30       0x9c CMakeFiles/RP2040-CAN-Driver.dir/usr/share/pico-sdk/lib/tinyusb/src/class/vendor/vendor_device.c.o
                0x10006a30                vendord_xfer_cb
 .text.tusb_init
                0x10006acc        0xc CMakeFiles/RP2040-CAN-Driver.dir/usr/share/pico-sdk/lib/tinyusb/src/tusb.c.o
                0x10006acc                tusb_init
 .text.tu_edpt_claim
                0x10006ad8       0x50 CMakeFiles/RP2040-CAN-Driver.dir/usr/share/pico-sdk/lib/tinyusb/src/tusb.c.o
                0x10006ad8                tu_edpt_claim
 .text.tu_edpt_release
                0x10006b28       0x38 CMakeFiles/RP2040-CAN-Driver.dir/usr/share/pico-sdk/lib/tinyusb/src/tusb.c.o
                0x10006b28                tu_edpt_release
 .text.tu_edpt_validate
                0x10006b60       0x7c CMakeFiles/RP2040-CAN-Driver.dir/usr/share/pico-sdk/lib/tinyusb/src/tusb.c.o
                0x10006b60                tu_edpt_validate
 .text.tu_edpt_bind_driver
                0x10006bdc       0x34 CMakeFiles/RP2040-CAN-Driver.dir/usr/share/pico-sdk/lib/tinyusb/src/tusb.c.o
                0x10006bdc                tu_edpt_bind_driver
 .text.tu_edpt_stream_init
                0x10006c10       0x6c CMakeFiles/RP2040-CAN-Driver.dir/usr/share/pico-sdk/lib/tinyusb/src/tusb.c.o
                0x10006c10                tu_edpt_stream_init
 .text.tu_edpt_stream_deinit
                0x10006c7c        0x4 CMakeFiles/RP2040-CAN-Driver.dir/usr/share/pico-sdk/lib/tinyusb/src/tusb.c.o
                0x10006c7c                tu_edpt_stream_deinit
 .text.tu_edpt_stream_write_zlp_if_needed
                0x10006c80       0x68 CMakeFiles/RP2040-CAN-Driver.dir/usr/share/pico-sdk/lib/tinyusb/src/tusb.c.o
                0x10006c80                tu_edpt_stream_write_zlp_if_needed
 .text.tu_edpt_stream_write_xfer
                0x10006ce8       0x68 CMakeFiles/RP2040-CAN-Driver.dir/usr/share/pico-sdk/lib/tinyusb/src/tusb.c.o
                0x10006ce8                tu_edpt_stream_write_xfer
 .text.tu_edpt_stream_read_xfer
                0x10006d50       0xd8 CMakeFiles/RP2040-CAN-Driver.dir/usr/share/pico-sdk/lib/tinyusb/src/tusb.c.o
                0x10006d50                tu_edpt_stream_read_xfer
 .text.tu_fifo_config
                0x10006e28       0x6c CMakeFiles/RP2040-CAN-Driver.dir/usr/share/pico-sdk/lib/tinyusb/src/common/tusb_fifo.c.o
                0x10006e28                tu_fifo_config
 .text.tu_fifo_count
                0x10006e94       0x2c CMakeFiles/RP2040-CAN-Driver.dir/usr/share/pico-sdk/lib/tinyusb/src/common/tusb_fifo.c.o
                0x10006e94                tu_fifo_count
 .text.tu_fifo_empty
                0x10006ec0       0x10 CMakeFiles/RP2040-CAN-Driver.dir/usr/share/pico-sdk/lib/tinyusb/src/common/tusb_fifo.c.o
                0x10006ec0                tu_fifo_empty
 .text.tu_fifo_remaining
                0x10006ed0       0x2c CMakeFiles/RP2040-CAN-Driver.dir/usr/share/pico-sdk/lib/tinyusb/src/common/tusb_fifo.c.o
                0x10006ed0                tu_fifo_remaining
 .text.tu_fifo_read
                0x10006efc       0x9c CMakeFiles/RP2040-CAN-Driver.dir/usr/share/pico-sdk/lib/tinyusb/src/common/tusb_fifo.c.o
                0x10006efc                tu_fifo_read
 .text.tu_fifo_read_n
                0x10006f98       0xe8 CMakeFiles/RP2040-CAN-Driver.dir/usr/share/pico-sdk/lib/tinyusb/src/common/tusb_fifo.c.o
                0x10006f98                tu_fifo_read_n
 .text.tu_fifo_write
                0x10007080       0xa4 CMakeFiles/RP2040-CAN-Driver.dir/usr/share/pico-sdk/lib/tinyusb/src/common/tusb_fifo.c.o
                0x10007080                tu_fifo_write
 .text.tu_fifo_write_n
                0x10007124      0x178 CMakeFiles/RP2040-CAN-Driver.dir/usr/share/pico-sdk/lib/tinyusb/src/common/tusb_fifo.c.o
                0x10007124                tu_fifo_write_n
 .text.tu_fifo_clear
                0x1000729c       0x40 CMakeFiles/RP2040-CAN-Driver.dir/usr/share/pico-sdk/lib/tinyusb/src/common/tusb_fifo.c.o
                0x1000729c                tu_fifo_clear
 .text.tu_fifo_set_overwritable
                0x100072dc       0x48 CMakeFiles/RP2040-CAN-Driver.dir/usr/share/pico-sdk/lib/tinyusb/src/common/tusb_fifo.c.o
                0x100072dc                tu_fifo_set_overwritable
 .text.spi_init
                0x10007324      0x13c CMakeFiles/RP2040-CAN-Driver.dir/usr/share/pico-sdk/src/rp2_common/hardware_spi/spi.c.o
                0x10007324                spi_init
 .text.atexit   0x10007460       0x10 /usr/lib/gcc/arm-none-eabi/14.2.0/../../../../arm-none-eabi/lib/thumb/v6-m/nofp/libg.a(libc_a-atexit.o)
                0x10007460                atexit
 .text.__libc_fini_array
                0x10007470       0x28 /usr/lib/gcc/arm-none-eabi/14.2.0/../../../../arm-none-eabi/lib/thumb/v6-m/nofp/libg.a(libc_a-fini.o)
                0x10007470                __libc_fini_array
 .text.__retarget_lock_acquire_recursive
                0x10007498        0x4 /usr/lib/gcc/arm-none-eabi/14.2.0/../../../../arm-none-eabi/lib/thumb/v6-m/nofp/libg.a(libc_a-lock.o)
                0x10007498                __retarget_lock_acquire_recursive
 .text.__retarget_lock_release_recursive
                0x1000749c        0x4 /usr/lib/gcc/arm-none-eabi/14.2.0/../../../../arm-none-eabi/lib/thumb/v6-m/nofp/libg.a(libc_a-lock.o)
                0x1000749c                __retarget_lock_release_recursive
 .text.strlen   0x100074a0       0x5c /usr/lib/gcc/arm-none-eabi/14.2.0/../../../../arm-none-eabi/lib/thumb/v6-m/nofp/libg.a(libc_a-strlen-stub.o)
                0x100074a0                strlen
 .text.__register_exitproc
                0x100074fc       0xa8 /usr/lib/gcc/arm-none-eabi/14.2.0/../../../../arm-none-eabi/lib/thumb/v6-m/nofp/libg.a(libc_a-__atexit.o)
                0x100074fc                __register_exitproc
 .text.startup.register_fini
                0x100075a4       0x18 /usr/lib/gcc/arm-none-eabi/14.2.0/../../../../arm-none-eabi/lib/thumb/v6-m/nofp/libg.a(libc_a-__call_atexit.o)
 *(.fini)
 .fini          0x100075bc        0x4 /usr/lib/gcc/arm-none-eabi/14.2.0/thumb/v6-m/nofp/crti.o
                0x100075bc                _fini
 .fini.__stub   0x100075c0       0xe0 linker stubs
 *crtbegin.o(.ctors)
 *crtbegin?.o(.ctors)
 *(EXCLUDE_FILE(*crtend.o *crtend?.o) .ctors)
 *(SORT_BY_NAME(.ctors.*))
 *(.ctors)
 *crtbegin.o(.dtors)
 *crtbegin?.o(.dtors)
 *(EXCLUDE_FILE(*crtend.o *crtend?.o) .dtors)
 *(SORT_BY_NAME(.dtors.*))
 *(.dtors)
                0x100076a0                        . = ALIGN (0x4)
                0x100076a0                        PROVIDE (__preinit_array_start = .)
 *(SORT_BY_NAME(.preinit_array.*))
 .preinit_array.00100
                0x100076a0        0x4 CMakeFiles/RP2040-CAN-Driver.dir/usr/share/pico-sdk/src/rp2_common/pico_runtime_init/runtime_init.c.o
                0x100076a0                __pre_init_runtime_init_early_resets
 .preinit_array.00101
                0x100076a4        0x4 CMakeFiles/RP2040-CAN-Driver.dir/usr/share/pico-sdk/src/rp2_common/pico_runtime_init/runtime_init.c.o
                0x100076a4                __pre_init_runtime_init_usb_power_down
 .preinit_array.00275
                0x100076a8        0x4 CMakeFiles/RP2040-CAN-Driver.dir/usr/share/pico-sdk/src/rp2_common/pico_bit_ops/bit_ops_aeabi.S.o
 .preinit_array.00300
                0x100076ac        0x4 CMakeFiles/RP2040-CAN-Driver.dir/usr/share/pico-sdk/src/rp2_common/pico_mem_ops/mem_ops_aeabi.S.o
 .preinit_array.00350
                0x100076b0        0x4 CMakeFiles/RP2040-CAN-Driver.dir/usr/share/pico-sdk/src/rp2_common/pico_double/double_aeabi_rp2040.S.o
 .preinit_array.00350
                0x100076b4        0x4 CMakeFiles/RP2040-CAN-Driver.dir/usr/share/pico-sdk/src/rp2_common/pico_float/float_aeabi_rp2040.S.o
 .preinit_array.00500
                0x100076b8        0x4 CMakeFiles/RP2040-CAN-Driver.dir/usr/share/pico-sdk/src/rp2_common/pico_runtime_init/runtime_init.c.o
                0x100076b8                __pre_init_runtime_init_clocks
 .preinit_array.00600
                0x100076bc        0x4 CMakeFiles/RP2040-CAN-Driver.dir/usr/share/pico-sdk/src/rp2_common/pico_runtime_init/runtime_init.c.o
                0x100076bc                __pre_init_runtime_init_post_clock_resets
 .preinit_array.00700
                0x100076c0        0x4 CMakeFiles/RP2040-CAN-Driver.dir/usr/share/pico-sdk/src/rp2_common/pico_runtime_init/runtime_init.c.o
                0x100076c0                __pre_init_runtime_init_rp2040_gpio_ie_disable
 .preinit_array.01000
                0x100076c4        0x4 CMakeFiles/RP2040-CAN-Driver.dir/usr/share/pico-sdk/src/rp2_common/pico_runtime_init/runtime_init.c.o
                0x100076c4                __pre_init_runtime_init_spin_locks_reset
 .preinit_array.01100
                0x100076c8        0x4 CMakeFiles/RP2040-CAN-Driver.dir/usr/share/pico-sdk/src/common/pico_sync/mutex.c.o
                0x100076c8                __pre_init_runtime_init_mutex
 .preinit_array.10080
                0x100076cc        0x4 CMakeFiles/RP2040-CAN-Driver.dir/usr/share/pico-sdk/src/rp2_common/pico_runtime_init/runtime_init.c.o
                0x100076cc                __pre_init_runtime_init_install_ram_vector_table
 .preinit_array.11000
                0x100076d0        0x4 CMakeFiles/RP2040-CAN-Driver.dir/usr/share/pico-sdk/src/common/pico_time/time.c.o
                0x100076d0                __pre_init_runtime_init_default_alarm_pool
 .preinit_array.YYYYY
                0x100076d4        0x4 CMakeFiles/RP2040-CAN-Driver.dir/usr/share/pico-sdk/src/rp2_common/pico_runtime/runtime.c.o
                0x100076d4                __pre_init_first_per_core_initializer
 .preinit_array.ZZZZZ.01200
                0x100076d8        0x4 CMakeFiles/RP2040-CAN-Driver.dir/usr/share/pico-sdk/src/rp2_common/hardware_irq/irq.c.o
                0x100076d8                __pre_init_runtime_init_per_core_irq_priorities
 *(.preinit_array)
                0x100076dc                        PROVIDE (__preinit_array_end = .)
                0x100076dc                        . = ALIGN (0x4)
                0x100076dc                        PROVIDE (__init_array_start = .)
 *(SORT_BY_NAME(.init_array.*))
 .init_array.00000
                0x100076dc        0x4 /usr/lib/gcc/arm-none-eabi/14.2.0/../../../../arm-none-eabi/lib/thumb/v6-m/nofp/libg.a(libc_a-__call_atexit.o)
 *(.init_array)
 .init_array    0x100076e0        0x4 /usr/lib/gcc/arm-none-eabi/14.2.0/thumb/v6-m/nofp/crtbegin.o
 .init_array    0x100076e4        0x4 CMakeFiles/RP2040-CAN-Driver.dir/usr/share/pico-sdk/src/rp2_common/pico_unique_id/unique_id.c.o
                0x100076e8                        PROVIDE (__init_array_end = .)
                0x100076e8                        . = ALIGN (0x4)
                0x100076e8                        PROVIDE (__fini_array_start = .)
 *(SORT_BY_NAME(.fini_array.*))
 *(.fini_array)
                0x100076e8                        PROVIDE (__fini_array_end = .)
 *(.eh_frame*)
 .eh_frame      0x100076e8        0x0 /usr/lib/gcc/arm-none-eabi/14.2.0/thumb/v6-m/nofp/crtbegin.o
                0x100076e8                        . = ALIGN (0x4)

.glue_7         0x100076e8        0x0
 .glue_7        0x100076e8        0x0 linker stubs

.glue_7t        0x100076e8        0x0
 .glue_7t       0x100076e8        0x0 linker stubs

.vfp11_veneer   0x100076e8        0x0
 .vfp11_veneer  0x100076e8        0x0 linker stubs

.v4_bx          0x100076e8        0x0
 .v4_bx         0x100076e8        0x0 linker stubs

.iplt           0x100076e8        0x0
 .iplt          0x100076e8        0x0 /usr/lib/gcc/arm-none-eabi/14.2.0/thumb/v6-m/nofp/crtbegin.o

.rodata         0x100076e8      0x700
 *(EXCLUDE_FILE(*libm.a: *libc.a:*lib_a-mem*.o *libgcc.a:) .rodata*)
 .rodata.mcp2515_init.str1.4
                0x100076e8      0x240 CMakeFiles/RP2040-CAN-Driver.dir/main.c.o
                                 0x3c (size before relaxing)
 .rodata.main.str1.4
                0x10007928       0x5b CMakeFiles/RP2040-CAN-Driver.dir/main.c.o
 .rodata.panic.str1.4
                0x10007928       0x12 CMakeFiles/RP2040-CAN-Driver.dir/usr/share/pico-sdk/src/rp2_common/pico_platform_panic/panic.c.o
 .rodata.spin_lock_claim_unused.str1.4
                0x10007928       0x1b CMakeFiles/RP2040-CAN-Driver.dir/usr/share/pico-sdk/src/rp2_common/hardware_sync/sync.c.o
 .rodata.user_irq_claim_unused.str1.4
                0x10007928       0x1b CMakeFiles/RP2040-CAN-Driver.dir/usr/share/pico-sdk/src/rp2_common/hardware_irq/irq.c.o
 .rodata.timer_hardware_alarm_claim.str1.4
                0x10007928       0x22 CMakeFiles/RP2040-CAN-Driver.dir/usr/share/pico-sdk/src/rp2_common/hardware_timer/timer.c.o
 .rodata.hard_assertion_failure.str1.4
                0x10007928        0xc CMakeFiles/RP2040-CAN-Driver.dir/usr/share/pico-sdk/src/rp2_common/pico_runtime/runtime.c.o
 .rodata.str1.4
                0x10007928       0x48 CMakeFiles/RP2040-CAN-Driver.dir/usr/share/pico-sdk/src/rp2_common/pico_standard_binary_info/standard_binary_info.c.o
 .rodata.__bi_84
                0x10007928        0xc CMakeFiles/RP2040-CAN-Driver.dir/usr/share/pico-sdk/src/rp2_common/pico_standard_binary_info/standard_binary_info.c.o
 .rodata.__bi_78
                0x10007934        0xc CMakeFiles/RP2040-CAN-Driver.dir/usr/share/pico-sdk/src/rp2_common/pico_standard_binary_info/standard_binary_info.c.o
 .rodata.__bi_54
                0x10007940        0xc CMakeFiles/RP2040-CAN-Driver.dir/usr/share/pico-sdk/src/rp2_common/pico_standard_binary_info/standard_binary_info.c.o
 .rodata.__bi_48
                0x1000794c        0xc CMakeFiles/RP2040-CAN-Driver.dir/usr/share/pico-sdk/src/rp2_common/pico_standard_binary_info/standard_binary_info.c.o
 .rodata.__bi_42
                0x10007958        0xc CMakeFiles/RP2040-CAN-Driver.dir/usr/share/pico-sdk/src/rp2_common/pico_standard_binary_info/standard_binary_info.c.o
 .rodata.__bi_34
                0x10007964        0xc CMakeFiles/RP2040-CAN-Driver.dir/usr/share/pico-sdk/src/rp2_common/pico_standard_binary_info/standard_binary_info.c.o
 .rodata.__bi_26
                0x10007970        0xc CMakeFiles/RP2040-CAN-Driver.dir/usr/share/pico-sdk/src/rp2_common/pico_standard_binary_info/standard_binary_info.c.o
 .rodata._ftoa.str1.4
                0x1000797c       0x15 CMakeFiles/RP2040-CAN-Driver.dir/usr/share/pico-sdk/src/rp2_common/pico_printf/printf.c.o
 .rodata._vsnprintf
                0x1000797c      0x19c CMakeFiles/RP2040-CAN-Driver.dir/usr/share/pico-sdk/src/rp2_common/pico_printf/printf.c.o
 .rodata.pow10.0
                0x10007b18       0x50 CMakeFiles/RP2040-CAN-Driver.dir/usr/share/pico-sdk/src/rp2_common/pico_printf/printf.c.o
 .rodata.crlf_str.0
                0x10007b68        0x2 CMakeFiles/RP2040-CAN-Driver.dir/usr/share/pico-sdk/src/rp2_common/pico_stdio/stdio.c.o
 .rodata.str1.4
                0x10007b6a       0x2c CMakeFiles/RP2040-CAN-Driver.dir/usr/share/pico-sdk/src/rp2_common/pico_stdio_uart/stdio_uart.c.o
 *fill*         0x10007b6a        0x2 
 .rodata.__bi_45.4
                0x10007b6c        0xc CMakeFiles/RP2040-CAN-Driver.dir/usr/share/pico-sdk/src/rp2_common/pico_stdio_uart/stdio_uart.c.o
 .rodata.__bi_49.5
                0x10007b78        0x8 CMakeFiles/RP2040-CAN-Driver.dir/usr/share/pico-sdk/src/rp2_common/pico_stdio_uart/stdio_uart.c.o
 .rodata.__bi_50.6
                0x10007b80        0x8 CMakeFiles/RP2040-CAN-Driver.dir/usr/share/pico-sdk/src/rp2_common/pico_stdio_uart/stdio_uart.c.o
 .rodata._resetd_driver
                0x10007b88       0x20 CMakeFiles/RP2040-CAN-Driver.dir/usr/share/pico-sdk/src/rp2_common/pico_stdio_usb/reset_interface.c.o
 .rodata.desc_ms_os_20
                0x10007ba8       0xa6 CMakeFiles/RP2040-CAN-Driver.dir/usr/share/pico-sdk/src/rp2_common/pico_stdio_usb/reset_interface.c.o
 *fill*         0x10007c4e        0x2 
 .rodata.desc_bos
                0x10007c50       0x21 CMakeFiles/RP2040-CAN-Driver.dir/usr/share/pico-sdk/src/rp2_common/pico_stdio_usb/reset_interface.c.o
                0x10007c50                desc_bos
 .rodata.str1.4
                0x10007c71       0x13 CMakeFiles/RP2040-CAN-Driver.dir/usr/share/pico-sdk/src/rp2_common/pico_stdio_usb/stdio_usb.c.o
 *fill*         0x10007c71        0x3 
 .rodata.__bi_197.0
                0x10007c74        0xc CMakeFiles/RP2040-CAN-Driver.dir/usr/share/pico-sdk/src/rp2_common/pico_stdio_usb/stdio_usb.c.o
 .rodata.str1.4
                0x10007c80       0x2a CMakeFiles/RP2040-CAN-Driver.dir/usr/share/pico-sdk/src/rp2_common/pico_stdio_usb/stdio_usb_descriptors.c.o
 .rodata.usbd_desc_str
                0x10007c80       0x18 CMakeFiles/RP2040-CAN-Driver.dir/usr/share/pico-sdk/src/rp2_common/pico_stdio_usb/stdio_usb_descriptors.c.o
 .rodata.usbd_desc_cfg
                0x10007c98       0x54 CMakeFiles/RP2040-CAN-Driver.dir/usr/share/pico-sdk/src/rp2_common/pico_stdio_usb/stdio_usb_descriptors.c.o
 .rodata.usbd_desc_device
                0x10007cec       0x12 CMakeFiles/RP2040-CAN-Driver.dir/usr/share/pico-sdk/src/rp2_common/pico_stdio_usb/stdio_usb_descriptors.c.o
 .rodata.str1.4
                0x10007cfe       0x14 CMakeFiles/RP2040-CAN-Driver.dir/usr/share/pico-sdk/lib/tinyusb/src/portable/raspberrypi/rp2040/dcd_rp2040.c.o
 .rodata.str1.4
                0x10007cfe       0x48 CMakeFiles/RP2040-CAN-Driver.dir/usr/share/pico-sdk/lib/tinyusb/src/portable/raspberrypi/rp2040/rp2040_usb.c.o
 *fill*         0x10007cfe        0x2 
 .rodata.tud_task_ext
                0x10007d00       0x8c CMakeFiles/RP2040-CAN-Driver.dir/usr/share/pico-sdk/lib/tinyusb/src/device/usbd.c.o
 .rodata        0x10007d8c       0x1c CMakeFiles/RP2040-CAN-Driver.dir/usr/share/pico-sdk/lib/tinyusb/src/device/usbd.c.o
 .rodata._usbd_driver
                0x10007da8       0x40 CMakeFiles/RP2040-CAN-Driver.dir/usr/share/pico-sdk/lib/tinyusb/src/device/usbd.c.o
                0x10007de8                        . = ALIGN (0x4)
 *(SORT_BY_ALIGNMENT(SORT_BY_NAME(.flashdata*)))
                0x10007de8                        . = ALIGN (0x4)

.ARM.extab
 *(.ARM.extab* .gnu.linkonce.armextab.*)
                0x10007de8                        __exidx_start = .

.ARM.exidx
 *(.ARM.exidx* .gnu.linkonce.armexidx.*)
                0x10007de8                        __exidx_end = .
                0x10007de8                        . = ALIGN (0x4)
                0x10007de8                        __binary_info_start = .

.binary_info    0x10007de8       0x2c
 *(.binary_info.keep.*)
 .binary_info.keep.__bi_ptr84
                0x10007de8        0x4 CMakeFiles/RP2040-CAN-Driver.dir/usr/share/pico-sdk/src/rp2_common/pico_standard_binary_info/standard_binary_info.c.o
 .binary_info.keep.__bi_ptr78
                0x10007dec        0x4 CMakeFiles/RP2040-CAN-Driver.dir/usr/share/pico-sdk/src/rp2_common/pico_standard_binary_info/standard_binary_info.c.o
 .binary_info.keep.__bi_ptr54
                0x10007df0        0x4 CMakeFiles/RP2040-CAN-Driver.dir/usr/share/pico-sdk/src/rp2_common/pico_standard_binary_info/standard_binary_info.c.o
 .binary_info.keep.__bi_ptr48
                0x10007df4        0x4 CMakeFiles/RP2040-CAN-Driver.dir/usr/share/pico-sdk/src/rp2_common/pico_standard_binary_info/standard_binary_info.c.o
 .binary_info.keep.__bi_ptr42
                0x10007df8        0x4 CMakeFiles/RP2040-CAN-Driver.dir/usr/share/pico-sdk/src/rp2_common/pico_standard_binary_info/standard_binary_info.c.o
 .binary_info.keep.__bi_ptr34
                0x10007dfc        0x4 CMakeFiles/RP2040-CAN-Driver.dir/usr/share/pico-sdk/src/rp2_common/pico_standard_binary_info/standard_binary_info.c.o
 .binary_info.keep.__bi_ptr26
                0x10007e00        0x4 CMakeFiles/RP2040-CAN-Driver.dir/usr/share/pico-sdk/src/rp2_common/pico_standard_binary_info/standard_binary_info.c.o
 *(.binary_info.*)
 .binary_info.__bi_ptr50
                0x10007e04        0x4 CMakeFiles/RP2040-CAN-Driver.dir/usr/share/pico-sdk/src/rp2_common/pico_stdio_uart/stdio_uart.c.o
 .binary_info.__bi_ptr49
                0x10007e08        0x4 CMakeFiles/RP2040-CAN-Driver.dir/usr/share/pico-sdk/src/rp2_common/pico_stdio_uart/stdio_uart.c.o
 .binary_info.__bi_ptr45
                0x10007e0c        0x4 CMakeFiles/RP2040-CAN-Driver.dir/usr/share/pico-sdk/src/rp2_common/pico_stdio_uart/stdio_uart.c.o
 .binary_info.__bi_ptr197
                0x10007e10        0x4 CMakeFiles/RP2040-CAN-Driver.dir/usr/share/pico-sdk/src/rp2_common/pico_stdio_usb/stdio_usb.c.o
                0x10007e14                        __binary_info_end = .

.rel.dyn        0x10007e14        0x0
 .rel.iplt      0x10007e14        0x0 /usr/lib/gcc/arm-none-eabi/14.2.0/thumb/v6-m/nofp/crtbegin.o
                0x10007e14                        . = ALIGN (0x4)

.ram_vector_table
                0x20000000       0xc0
 *(.ram_vector_table)
 .ram_vector_table
                0x20000000       0xc0 CMakeFiles/RP2040-CAN-Driver.dir/usr/share/pico-sdk/src/rp2_common/pico_runtime_init/runtime_init.c.o
                0x20000000                ram_vector_table

.uninitialized_data
                0x200000c0        0x0
                0x200000c0                        . = ALIGN (0x4)
 *(.uninitialized_data*)

.data           0x200000c0     0x10fc load address 0x10007e14
                0x200000c0                        __data_start__ = .
 *(vtable)
 *(.time_critical*)
 .time_critical.mutex_try_enter
                0x200000c0       0x40 CMakeFiles/RP2040-CAN-Driver.dir/usr/share/pico-sdk/src/common/pico_sync/mutex.c.o
                0x200000c0                mutex_try_enter
 .time_critical.mutex_try_enter_block_until
                0x20000100       0x98 CMakeFiles/RP2040-CAN-Driver.dir/usr/share/pico-sdk/src/common/pico_sync/mutex.c.o
                0x20000100                mutex_try_enter_block_until
 .time_critical.mutex_enter_timeout_ms
                0x20000198       0x8c CMakeFiles/RP2040-CAN-Driver.dir/usr/share/pico-sdk/src/common/pico_sync/mutex.c.o
                0x20000198                mutex_enter_timeout_ms
 .time_critical.mutex_exit
                0x20000224       0x28 CMakeFiles/RP2040-CAN-Driver.dir/usr/share/pico-sdk/src/common/pico_sync/mutex.c.o
                0x20000224                mutex_exit
 .time_critical.flash_init_boot2_copyout
                0x2000024c       0x30 CMakeFiles/RP2040-CAN-Driver.dir/usr/share/pico-sdk/src/rp2_common/hardware_flash/flash.c.o
 .time_critical.flash_enable_xip_via_boot2
                0x2000027c        0xc CMakeFiles/RP2040-CAN-Driver.dir/usr/share/pico-sdk/src/rp2_common/hardware_flash/flash.c.o
 .time_critical.flash_cs_force
                0x20000288       0x38 CMakeFiles/RP2040-CAN-Driver.dir/usr/share/pico-sdk/src/rp2_common/hardware_flash/flash.c.o
 .time_critical.flash_do_cmd
                0x200002c0      0x130 CMakeFiles/RP2040-CAN-Driver.dir/usr/share/pico-sdk/src/rp2_common/hardware_flash/flash.c.o
                0x200002c0                flash_do_cmd
 .time_critical.reset_non_control_endpoints
                0x200003f0       0x68 CMakeFiles/RP2040-CAN-Driver.dir/usr/share/pico-sdk/lib/tinyusb/src/portable/raspberrypi/rp2040/dcd_rp2040.c.o
 .time_critical.hw_handle_buff_status
                0x20000458       0xb8 CMakeFiles/RP2040-CAN-Driver.dir/usr/share/pico-sdk/lib/tinyusb/src/portable/raspberrypi/rp2040/dcd_rp2040.c.o
 .time_critical.dcd_rp2040_irq
                0x20000510      0x574 CMakeFiles/RP2040-CAN-Driver.dir/usr/share/pico-sdk/lib/tinyusb/src/portable/raspberrypi/rp2040/dcd_rp2040.c.o
 .time_critical.prepare_ep_buffer
                0x20000a84       0xc8 CMakeFiles/RP2040-CAN-Driver.dir/usr/share/pico-sdk/lib/tinyusb/src/portable/raspberrypi/rp2040/rp2040_usb.c.o
 .time_critical.sync_ep_buffer
                0x20000b4c       0x9c CMakeFiles/RP2040-CAN-Driver.dir/usr/share/pico-sdk/lib/tinyusb/src/portable/raspberrypi/rp2040/rp2040_usb.c.o
 .time_critical._hw_endpoint_xfer_sync
                0x20000be8       0x28 CMakeFiles/RP2040-CAN-Driver.dir/usr/share/pico-sdk/lib/tinyusb/src/portable/raspberrypi/rp2040/rp2040_usb.c.o
 .time_critical.e15_is_bulkin_ep
                0x20000c10       0x28 CMakeFiles/RP2040-CAN-Driver.dir/usr/share/pico-sdk/lib/tinyusb/src/portable/raspberrypi/rp2040/rp2040_usb.c.o
 .time_critical.e15_is_critical_frame_period
                0x20000c38       0x34 CMakeFiles/RP2040-CAN-Driver.dir/usr/share/pico-sdk/lib/tinyusb/src/portable/raspberrypi/rp2040/rp2040_usb.c.o
 .time_critical.hw_endpoint_reset_transfer
                0x20000c6c        0xc CMakeFiles/RP2040-CAN-Driver.dir/usr/share/pico-sdk/lib/tinyusb/src/portable/raspberrypi/rp2040/rp2040_usb.c.o
                0x20000c6c                hw_endpoint_reset_transfer
 .time_critical._hw_endpoint_buffer_control_update32
                0x20000c78       0x50 CMakeFiles/RP2040-CAN-Driver.dir/usr/share/pico-sdk/lib/tinyusb/src/portable/raspberrypi/rp2040/rp2040_usb.c.o
                0x20000c78                _hw_endpoint_buffer_control_update32
 .time_critical.hw_endpoint_start_next_buffer
                0x20000cc8       0x68 CMakeFiles/RP2040-CAN-Driver.dir/usr/share/pico-sdk/lib/tinyusb/src/portable/raspberrypi/rp2040/rp2040_usb.c.o
                0x20000cc8                hw_endpoint_start_next_buffer
 .time_critical.hw_endpoint_xfer_continue
                0x20000d30       0x40 CMakeFiles/RP2040-CAN-Driver.dir/usr/share/pico-sdk/lib/tinyusb/src/portable/raspberrypi/rp2040/rp2040_usb.c.o
                0x20000d30                hw_endpoint_xfer_continue
 .time_critical.tinyusb
                0x20000d70      0x1e4 CMakeFiles/RP2040-CAN-Driver.dir/usr/share/pico-sdk/lib/tinyusb/src/device/usbd.c.o
                0x20000d70                dcd_event_handler
 .time_critical.spi_write_blocking
                0x20000f54       0x4c CMakeFiles/RP2040-CAN-Driver.dir/usr/share/pico-sdk/src/rp2_common/hardware_spi/spi.c.o
                0x20000f54                spi_write_blocking
 .time_critical.spi_read_blocking
                0x20000fa0       0xa8 CMakeFiles/RP2040-CAN-Driver.dir/usr/share/pico-sdk/src/rp2_common/hardware_spi/spi.c.o
                0x20000fa0                spi_read_blocking
 *(.text*)
 .text          0x20001048        0x4 /usr/lib/gcc/arm-none-eabi/14.2.0/thumb/v6-m/nofp/libgcc.a(_dvmd_tls.o)
                0x20001048                __aeabi_ldiv0
                0x20001048                __aeabi_idiv0
 *fill*         0x2000104c        0x4 
 .text.__stub   0x20001050       0x80 linker stubs
                0x200010d0                        . = ALIGN (0x4)
 *(.rodata*)
                0x200010d0                        . = ALIGN (0x4)
 *(.data*)
 .data.striped_spin_lock_num
                0x200010d0        0x1 CMakeFiles/RP2040-CAN-Driver.dir/usr/share/pico-sdk/src/rp2_common/hardware_sync/sync.c.o
 *fill*         0x200010d1        0x3 
 .data          0x200010d4       0x48 CMakeFiles/RP2040-CAN-Driver.dir/usr/share/pico-sdk/src/rp2_common/hardware_irq/irq_handler_chain.S.o
                0x200010d4                irq_handler_chain_slots
                0x20001104                irq_handler_chain_first_slot
                0x2000110e                irq_handler_chain_remove_tail
 .data.default_alarm_pool
                0x2000111c       0x18 CMakeFiles/RP2040-CAN-Driver.dir/usr/share/pico-sdk/src/common/pico_time/time.c.o
 *fill*         0x20001134        0xc 
 .data.aeabi_bits_funcs
                0x20001140       0x10 CMakeFiles/RP2040-CAN-Driver.dir/usr/share/pico-sdk/src/rp2_common/pico_bit_ops/bit_ops_aeabi.S.o
                0x20001140                aeabi_bits_funcs
                0x20001150                aeabi_bits_funcs_end
 .data.aeabi_mem_funcs
                0x20001150       0x10 CMakeFiles/RP2040-CAN-Driver.dir/usr/share/pico-sdk/src/rp2_common/pico_mem_ops/mem_ops_aeabi.S.o
                0x20001150                aeabi_mem_funcs
                0x20001160                aeabi_mem_funcs_end
 .data.stdio_uart
                0x20001160       0x18 CMakeFiles/RP2040-CAN-Driver.dir/usr/share/pico-sdk/src/rp2_common/pico_stdio_uart/stdio_uart.c.o
                0x20001160                stdio_uart
 .data.stdio_usb
                0x20001178       0x18 CMakeFiles/RP2040-CAN-Driver.dir/usr/share/pico-sdk/src/rp2_common/pico_stdio_usb/stdio_usb.c.o
                0x20001178                stdio_usb
 .data._usbd_qdef
                0x20001190       0x1c CMakeFiles/RP2040-CAN-Driver.dir/usr/share/pico-sdk/lib/tinyusb/src/device/usbd.c.o
                0x20001190                _usbd_qdef
 .data._usbd_rhport
                0x200011ac        0x1 CMakeFiles/RP2040-CAN-Driver.dir/usr/share/pico-sdk/lib/tinyusb/src/device/usbd.c.o
 *fill*         0x200011ad        0x3 
 .data.__atexit_recursive_mutex
                0x200011b0        0x4 /usr/lib/gcc/arm-none-eabi/14.2.0/../../../../arm-none-eabi/lib/thumb/v6-m/nofp/libg.a(libc_a-__call_atexit.o)
                0x200011b0                __atexit_recursive_mutex
                0x200011b4                        . = ALIGN (0x4)
 *(.after_data.*)
                0x200011b4                        . = ALIGN (0x4)
                0x200011b4                        PROVIDE (__mutex_array_start = .)
 *(SORT_BY_NAME(.mutex_array.*))
 *(.mutex_array)
 .mutex_array   0x200011b4        0x8 CMakeFiles/RP2040-CAN-Driver.dir/usr/share/pico-sdk/src/rp2_common/pico_stdio/stdio.c.o
                0x200011bc                        PROVIDE (__mutex_array_end = .)
                0x200011bc                        . = ALIGN (0x4)
 *(.jcr)
                0x200011bc                        . = ALIGN (0x4)

.igot.plt       0x200011bc        0x0 load address 0x10008f10
 .igot.plt      0x200011bc        0x0 /usr/lib/gcc/arm-none-eabi/14.2.0/thumb/v6-m/nofp/crtbegin.o

.tdata          0x200011bc        0x0 load address 0x10008f10
                0x200011bc                        . = ALIGN (0x4)
 *(.tdata .tdata.* .gnu.linkonce.td.*)
                0x200011bc                        __tdata_end = .
                0x200011bc                        PROVIDE (__data_end__ = .)
                0x10007e14                        __etext = LOADADDR (.data)

.tbss           0x200011bc        0x0 load address 0x10008f10
                0x200011bc                        . = ALIGN (0x4)
                0x200011bc                        __bss_start__ = .
                0x200011bc                        __tls_base = .
 *(.tbss .tbss.* .gnu.linkonce.tb.*)
 *(.tcommon)
                0x200011bc                        __tls_end = .

.bss            0x200011c0     0x1220 load address 0x10008f10
                0x200011c0                        . = ALIGN (0x4)
                0x200011c0                        __tbss_end = .
 *(SORT_BY_ALIGNMENT(SORT_BY_NAME(.bss*)))
 .bss.default_alarm_pool_entries
                0x200011c0      0x180 CMakeFiles/RP2040-CAN-Driver.dir/usr/share/pico-sdk/src/common/pico_time/time.c.o
 .bss.last_avail_time.1
                0x20001340        0x8 CMakeFiles/RP2040-CAN-Driver.dir/usr/share/pico-sdk/src/rp2_common/pico_stdio_usb/stdio_usb.c.o
 .bss.sd_table  0x20001348      0x100 CMakeFiles/RP2040-CAN-Driver.dir/usr/share/pico-sdk/src/rp2_common/pico_double/double_init_rom_rp2040.c.o
                0x20001348                sd_table
 .bss.sf_table  0x20001448      0x100 CMakeFiles/RP2040-CAN-Driver.dir/usr/share/pico-sdk/src/rp2_common/pico_float/float_init_rom_rp2040.c.o
                0x20001448                sf_table
 .bss.__atexit  0x20001548        0x4 /usr/lib/gcc/arm-none-eabi/14.2.0/../../../../arm-none-eabi/lib/thumb/v6-m/nofp/libg.a(libc_a-__call_atexit.o)
                0x20001548                __atexit
 .bss.__atexit0
                0x2000154c      0x190 /usr/lib/gcc/arm-none-eabi/14.2.0/../../../../arm-none-eabi/lib/thumb/v6-m/nofp/libg.a(libc_a-__atexit.o)
                0x2000154c                __atexit0
 .bss.__lock___atexit_recursive_mutex
                0x200016dc        0x1 /usr/lib/gcc/arm-none-eabi/14.2.0/../../../../arm-none-eabi/lib/thumb/v6-m/nofp/libg.a(libc_a-lock.o)
                0x200016dc                __lock___atexit_recursive_mutex
 *fill*         0x200016dd        0x3 
 .bss._app_driver
                0x200016e0        0x4 CMakeFiles/RP2040-CAN-Driver.dir/usr/share/pico-sdk/lib/tinyusb/src/device/usbd.c.o
 .bss._cdcd_fifo_cfg
                0x200016e4        0x1 CMakeFiles/RP2040-CAN-Driver.dir/usr/share/pico-sdk/lib/tinyusb/src/class/cdc/cdc_device.c.o
 *fill*         0x200016e5        0x3 
 .bss._cdcd_itf
                0x200016e8      0x2c8 CMakeFiles/RP2040-CAN-Driver.dir/usr/share/pico-sdk/lib/tinyusb/src/class/cdc/cdc_device.c.o
 .bss._ctrl_xfer
                0x200019b0       0x14 CMakeFiles/RP2040-CAN-Driver.dir/usr/share/pico-sdk/lib/tinyusb/src/device/usbd_control.c.o
 .bss._ubsd_mutexdef
                0x200019c4        0x8 CMakeFiles/RP2040-CAN-Driver.dir/usr/share/pico-sdk/lib/tinyusb/src/device/usbd.c.o
 .bss._usbd_ctrl_buf
                0x200019cc       0x40 CMakeFiles/RP2040-CAN-Driver.dir/usr/share/pico-sdk/lib/tinyusb/src/device/usbd_control.c.o
 .bss._usbd_dev
                0x20001a0c       0x54 CMakeFiles/RP2040-CAN-Driver.dir/usr/share/pico-sdk/lib/tinyusb/src/device/usbd.c.o
 .bss._usbd_mutex
                0x20001a60        0x4 CMakeFiles/RP2040-CAN-Driver.dir/usr/share/pico-sdk/lib/tinyusb/src/device/usbd.c.o
 .bss._usbd_q   0x20001a64        0x4 CMakeFiles/RP2040-CAN-Driver.dir/usr/share/pico-sdk/lib/tinyusb/src/device/usbd.c.o
 .bss._usbd_qdef_buf
                0x20001a68       0xc0 CMakeFiles/RP2040-CAN-Driver.dir/usr/share/pico-sdk/lib/tinyusb/src/device/usbd.c.o
                0x20001a68                _usbd_qdef_buf
 .bss._vendord_itf
                0x20001b28      0x2cc CMakeFiles/RP2040-CAN-Driver.dir/usr/share/pico-sdk/lib/tinyusb/src/class/vendor/vendor_device.c.o
 .bss.boot2_copyout
                0x20001df4      0x100 CMakeFiles/RP2040-CAN-Driver.dir/usr/share/pico-sdk/src/rp2_common/hardware_flash/flash.c.o
 .bss.chars_available_callback
                0x20001ef4        0x4 CMakeFiles/RP2040-CAN-Driver.dir/usr/share/pico-sdk/src/rp2_common/pico_stdio_uart/stdio_uart.c.o
 .bss.chars_available_callback
                0x20001ef8        0x4 CMakeFiles/RP2040-CAN-Driver.dir/usr/share/pico-sdk/src/rp2_common/pico_stdio_usb/stdio_usb.c.o
 .bss.chars_available_param
                0x20001efc        0x4 CMakeFiles/RP2040-CAN-Driver.dir/usr/share/pico-sdk/src/rp2_common/pico_stdio_uart/stdio_uart.c.o
 .bss.chars_available_param
                0x20001f00        0x4 CMakeFiles/RP2040-CAN-Driver.dir/usr/share/pico-sdk/src/rp2_common/pico_stdio_usb/stdio_usb.c.o
 .bss.claimed   0x20001f04        0x4 CMakeFiles/RP2040-CAN-Driver.dir/usr/share/pico-sdk/src/rp2_common/hardware_sync/sync.c.o
 .bss.claimed   0x20001f08        0x1 CMakeFiles/RP2040-CAN-Driver.dir/usr/share/pico-sdk/src/rp2_common/hardware_timer/timer.c.o
 *fill*         0x20001f09        0x3 
 .bss.configured_freq
                0x20001f0c       0x28 CMakeFiles/RP2040-CAN-Driver.dir/usr/share/pico-sdk/src/rp2_common/hardware_clocks/clocks.c.o
 .bss.desc_str.0
                0x20001f34       0x28 CMakeFiles/RP2040-CAN-Driver.dir/usr/share/pico-sdk/src/rp2_common/pico_stdio_usb/stdio_usb_descriptors.c.o
 .bss.drivers   0x20001f5c        0x4 CMakeFiles/RP2040-CAN-Driver.dir/usr/share/pico-sdk/src/rp2_common/pico_stdio/stdio.c.o
 .bss.e15_last_sof
                0x20001f60        0x4 CMakeFiles/RP2040-CAN-Driver.dir/usr/share/pico-sdk/lib/tinyusb/src/portable/raspberrypi/rp2040/rp2040_usb.c.o
                0x20001f60                e15_last_sof
 .bss.filter    0x20001f64        0x4 CMakeFiles/RP2040-CAN-Driver.dir/usr/share/pico-sdk/src/rp2_common/pico_stdio/stdio.c.o
 .bss.hw_endpoints
                0x20001f68      0x400 CMakeFiles/RP2040-CAN-Driver.dir/usr/share/pico-sdk/lib/tinyusb/src/portable/raspberrypi/rp2040/dcd_rp2040.c.o
 .bss.lazy_vsnprintf
                0x20002368        0x4 CMakeFiles/RP2040-CAN-Driver.dir/usr/share/pico-sdk/src/rp2_common/pico_printf/printf.c.o
 .bss.load_value
                0x2000236c        0x4 CMakeFiles/RP2040-CAN-Driver.dir/usr/share/pico-sdk/src/rp2_common/hardware_watchdog/watchdog.c.o
 .bss.next_buffer_ptr
                0x20002370        0x4 CMakeFiles/RP2040-CAN-Driver.dir/usr/share/pico-sdk/lib/tinyusb/src/portable/raspberrypi/rp2040/dcd_rp2040.c.o
 .bss.object.0  0x20002374       0x18 /usr/lib/gcc/arm-none-eabi/14.2.0/thumb/v6-m/nofp/crtbegin.o
 .bss.one_shot_timer_crit_sec
                0x2000238c        0x8 CMakeFiles/RP2040-CAN-Driver.dir/usr/share/pico-sdk/src/rp2_common/pico_stdio_usb/stdio_usb.c.o
 .bss.pools     0x20002394       0x10 CMakeFiles/RP2040-CAN-Driver.dir/usr/share/pico-sdk/src/common/pico_time/time.c.o
 .bss.retrieved_id
                0x200023a4        0x8 CMakeFiles/RP2040-CAN-Driver.dir/usr/share/pico-sdk/src/rp2_common/pico_unique_id/unique_id.c.o
 .bss.sf_clz_func
                0x200023ac        0x4 CMakeFiles/RP2040-CAN-Driver.dir/usr/share/pico-sdk/src/rp2_common/pico_double/double_init_rom_rp2040.c.o
                0x200023ac                sf_clz_func
 .bss.sleep_notifier
                0x200023b0        0x4 CMakeFiles/RP2040-CAN-Driver.dir/usr/share/pico-sdk/src/common/pico_time/time.c.o
 .bss.stdio_usb_mutex
                0x200023b4        0x8 CMakeFiles/RP2040-CAN-Driver.dir/usr/share/pico-sdk/src/rp2_common/pico_stdio_usb/stdio_usb.c.o
 .bss.uart_char_to_line_feed
                0x200023bc        0x4 CMakeFiles/RP2040-CAN-Driver.dir/usr/share/pico-sdk/src/rp2_common/hardware_uart/uart.c.o
                0x200023bc                uart_char_to_line_feed
 .bss.uart_instance
                0x200023c0        0x4 CMakeFiles/RP2040-CAN-Driver.dir/usr/share/pico-sdk/src/rp2_common/pico_stdio_uart/stdio_uart.c.o
 .bss.usbd_serial_str
                0x200023c4       0x11 CMakeFiles/RP2040-CAN-Driver.dir/usr/share/pico-sdk/src/rp2_common/pico_stdio_usb/stdio_usb_descriptors.c.o
 .bss._app_driver_count
                0x200023d5        0x1 CMakeFiles/RP2040-CAN-Driver.dir/usr/share/pico-sdk/lib/tinyusb/src/device/usbd.c.o
 .bss._sof_enable
                0x200023d6        0x1 CMakeFiles/RP2040-CAN-Driver.dir/usr/share/pico-sdk/lib/tinyusb/src/portable/raspberrypi/rp2040/dcd_rp2040.c.o
 .bss._usbd_queued_setup
                0x200023d7        0x1 CMakeFiles/RP2040-CAN-Driver.dir/usr/share/pico-sdk/lib/tinyusb/src/device/usbd.c.o
 .bss.boot2_copyout_valid
                0x200023d8        0x1 CMakeFiles/RP2040-CAN-Driver.dir/usr/share/pico-sdk/src/rp2_common/hardware_flash/flash.c.o
 .bss.irq_handler_chain_free_slot_head
                0x200023d9        0x1 CMakeFiles/RP2040-CAN-Driver.dir/usr/share/pico-sdk/src/rp2_common/hardware_irq/irq.c.o
 .bss.itf_num   0x200023da        0x1 CMakeFiles/RP2040-CAN-Driver.dir/usr/share/pico-sdk/src/rp2_common/pico_stdio_usb/reset_interface.c.o
 .bss.low_priority_irq_num
                0x200023db        0x1 CMakeFiles/RP2040-CAN-Driver.dir/usr/share/pico-sdk/src/rp2_common/pico_stdio_usb/stdio_usb.c.o
 .bss.one_shot_timer_pending
                0x200023dc        0x1 CMakeFiles/RP2040-CAN-Driver.dir/usr/share/pico-sdk/src/rp2_common/pico_stdio_usb/stdio_usb.c.o
 .bss.user_irq_claimed
                0x200023dd        0x1 CMakeFiles/RP2040-CAN-Driver.dir/usr/share/pico-sdk/src/rp2_common/hardware_irq/irq.c.o
 *(COMMON)
                0x200023e0                        . = ALIGN (0x4)
 *fill*         0x200023de        0x2 
                0x200023e0                        __bss_end__ = .

.heap           0x200023e0      0x800 load address 0x10008f10
                0x200023e0                        __end__ = .
                0x200023e0                        end = __end__
 *(.heap*)
 .heap          0x200023e0      0x800 CMakeFiles/RP2040-CAN-Driver.dir/usr/share/pico-sdk/src/rp2_common/pico_crt0/crt0.S.o
                0x20040000                        __HeapLimit = (ORIGIN (RAM) + LENGTH (RAM))

.scratch_x      0x20040000        0x0 load address 0x10008f10
                0x20040000                        __scratch_x_start__ = .
 *(.scratch_x.*)
                0x20040000                        . = ALIGN (0x4)
                0x20040000                        __scratch_x_end__ = .
                0x10008f10                        __scratch_x_source__ = LOADADDR (.scratch_x)

.scratch_y      0x20041000        0x0 load address 0x10008f10
                0x20041000                        __scratch_y_start__ = .
 *(.scratch_y.*)
                0x20041000                        . = ALIGN (0x4)
                0x20041000                        __scratch_y_end__ = .
                0x10008f10                        __scratch_y_source__ = LOADADDR (.scratch_y)

.stack1_dummy
 *(.stack1*)

.stack_dummy    0x20041000      0x800
 *(.stack*)
 .stack         0x20041000      0x800 CMakeFiles/RP2040-CAN-Driver.dir/usr/share/pico-sdk/src/rp2_common/pico_crt0/crt0.S.o

.flash_end      0x10008f10        0x0
 *(.embedded_end_block*)
                0x10008f10                        PROVIDE (__flash_binary_end = .)
                0x20040000                        __StackLimit = (ORIGIN (RAM) + LENGTH (RAM))
                0x20041000                        __StackOneTop = (ORIGIN (SCRATCH_X) + LENGTH (SCRATCH_X))
                0x20042000                        __StackTop = (ORIGIN (SCRATCH_Y) + LENGTH (SCRATCH_Y))
                0x20041000                        __StackOneBottom = (__StackOneTop - SIZEOF (.stack1_dummy))
                0x20041800                        __StackBottom = (__StackTop - SIZEOF (.stack_dummy))
                0x20042000                        PROVIDE (__stack = __StackTop)
                [!provide]                        PROVIDE (__heap_start = __end__)
                [!provide]                        PROVIDE (__heap_end = __HeapLimit)
                [!provide]                        PROVIDE (__tls_align = MAX (ALIGNOF (.tdata), ALIGNOF (.tbss)))
                [!provide]                        PROVIDE (__tls_size_align = (((__tls_size + __tls_align) - 0x1) & ~ ((__tls_align - 0x1))))
                [!provide]                        PROVIDE (__arm32_tls_tcb_offset = MAX (0x8, __tls_align))
                [!provide]                        PROVIDE (_end = __end__)
                [!provide]                        PROVIDE (__llvm_libc_heap_limit = __HeapLimit)
                0x00000001                        ASSERT ((__StackLimit >= __HeapLimit), region RAM overflowed)
                0x00000001                        ASSERT (((__binary_info_header_end - __logical_binary_start) <= 0x100), Binary info must be in first 256 bytes of the binary)
LOAD CMakeFiles/RP2040-CAN-Driver.dir/main.c.o
LOAD CMakeFiles/RP2040-CAN-Driver.dir/usr/share/pico-sdk/src/rp2_common/pico_stdlib/stdlib.c.o
LOAD CMakeFiles/RP2040-CAN-Driver.dir/usr/share/pico-sdk/src/rp2_common/hardware_gpio/gpio.c.o
LOAD CMakeFiles/RP2040-CAN-Driver.dir/usr/share/pico-sdk/src/rp2040/pico_platform/platform.c.o
LOAD CMakeFiles/RP2040-CAN-Driver.dir/usr/share/pico-sdk/src/rp2_common/pico_platform_panic/panic.c.o
LOAD CMakeFiles/RP2040-CAN-Driver.dir/usr/share/pico-sdk/src/common/hardware_claim/claim.c.o
LOAD CMakeFiles/RP2040-CAN-Driver.dir/usr/share/pico-sdk/src/rp2_common/hardware_sync/sync.c.o
LOAD CMakeFiles/RP2040-CAN-Driver.dir/usr/share/pico-sdk/src/rp2_common/hardware_sync_spin_lock/sync_spin_lock.c.o
LOAD CMakeFiles/RP2040-CAN-Driver.dir/usr/share/pico-sdk/src/rp2_common/hardware_irq/irq.c.o
LOAD CMakeFiles/RP2040-CAN-Driver.dir/usr/share/pico-sdk/src/rp2_common/hardware_irq/irq_handler_chain.S.o
LOAD CMakeFiles/RP2040-CAN-Driver.dir/usr/share/pico-sdk/src/common/pico_sync/sem.c.o
LOAD CMakeFiles/RP2040-CAN-Driver.dir/usr/share/pico-sdk/src/common/pico_sync/lock_core.c.o
LOAD CMakeFiles/RP2040-CAN-Driver.dir/usr/share/pico-sdk/src/common/pico_sync/mutex.c.o
LOAD CMakeFiles/RP2040-CAN-Driver.dir/usr/share/pico-sdk/src/common/pico_sync/critical_section.c.o
LOAD CMakeFiles/RP2040-CAN-Driver.dir/usr/share/pico-sdk/src/common/pico_time/time.c.o
LOAD CMakeFiles/RP2040-CAN-Driver.dir/usr/share/pico-sdk/src/common/pico_time/timeout_helper.c.o
LOAD CMakeFiles/RP2040-CAN-Driver.dir/usr/share/pico-sdk/src/rp2_common/hardware_timer/timer.c.o
LOAD CMakeFiles/RP2040-CAN-Driver.dir/usr/share/pico-sdk/src/common/pico_util/datetime.c.o
LOAD CMakeFiles/RP2040-CAN-Driver.dir/usr/share/pico-sdk/src/common/pico_util/pheap.c.o
LOAD CMakeFiles/RP2040-CAN-Driver.dir/usr/share/pico-sdk/src/common/pico_util/queue.c.o
LOAD CMakeFiles/RP2040-CAN-Driver.dir/usr/share/pico-sdk/src/rp2_common/hardware_uart/uart.c.o
LOAD CMakeFiles/RP2040-CAN-Driver.dir/usr/share/pico-sdk/src/rp2_common/hardware_clocks/clocks.c.o
LOAD CMakeFiles/RP2040-CAN-Driver.dir/usr/share/pico-sdk/src/rp2_common/hardware_pll/pll.c.o
LOAD CMakeFiles/RP2040-CAN-Driver.dir/usr/share/pico-sdk/src/rp2_common/hardware_vreg/vreg.c.o
LOAD CMakeFiles/RP2040-CAN-Driver.dir/usr/share/pico-sdk/src/rp2_common/hardware_watchdog/watchdog.c.o
LOAD CMakeFiles/RP2040-CAN-Driver.dir/usr/share/pico-sdk/src/rp2_common/hardware_ticks/ticks.c.o
LOAD CMakeFiles/RP2040-CAN-Driver.dir/usr/share/pico-sdk/src/rp2_common/pico_bootrom/bootrom.c.o
LOAD CMakeFiles/RP2040-CAN-Driver.dir/usr/share/pico-sdk/src/rp2_common/pico_bootrom/bootrom_lock.c.o
LOAD CMakeFiles/RP2040-CAN-Driver.dir/usr/share/pico-sdk/src/rp2_common/hardware_boot_lock/boot_lock.c.o
LOAD CMakeFiles/RP2040-CAN-Driver.dir/usr/share/pico-sdk/src/rp2_common/pico_flash/flash.c.o
LOAD CMakeFiles/RP2040-CAN-Driver.dir/usr/share/pico-sdk/src/rp2_common/hardware_xosc/xosc.c.o
LOAD CMakeFiles/RP2040-CAN-Driver.dir/usr/share/pico-sdk/src/rp2_common/hardware_divider/divider.S.o
LOAD CMakeFiles/RP2040-CAN-Driver.dir/usr/share/pico-sdk/src/rp2_common/pico_runtime/runtime.c.o
LOAD CMakeFiles/RP2040-CAN-Driver.dir/usr/share/pico-sdk/src/rp2_common/pico_runtime_init/runtime_init.c.o
LOAD CMakeFiles/RP2040-CAN-Driver.dir/usr/share/pico-sdk/src/rp2_common/pico_runtime_init/runtime_init_clocks.c.o
LOAD CMakeFiles/RP2040-CAN-Driver.dir/usr/share/pico-sdk/src/rp2_common/pico_runtime_init/runtime_init_stack_guard.c.o
LOAD CMakeFiles/RP2040-CAN-Driver.dir/usr/share/pico-sdk/src/rp2_common/pico_bit_ops/bit_ops_aeabi.S.o
LOAD CMakeFiles/RP2040-CAN-Driver.dir/usr/share/pico-sdk/src/rp2_common/pico_divider/divider_hardware.S.o
LOAD CMakeFiles/RP2040-CAN-Driver.dir/usr/share/pico-sdk/src/rp2_common/pico_double/double_aeabi_rp2040.S.o
LOAD CMakeFiles/RP2040-CAN-Driver.dir/usr/share/pico-sdk/src/rp2_common/pico_double/double_init_rom_rp2040.c.o
LOAD CMakeFiles/RP2040-CAN-Driver.dir/usr/share/pico-sdk/src/rp2_common/pico_double/double_math.c.o
LOAD CMakeFiles/RP2040-CAN-Driver.dir/usr/share/pico-sdk/src/rp2_common/pico_double/double_v1_rom_shim_rp2040.S.o